Component: Arm Compiler for Embedded 6.24 Tool: armlink [5f371500]

==============================================================================

Section Cross References

    startup_stm32f407xx.o(RESET) refers to startup_stm32f407xx.o(STACK) for __initial_sp
    startup_stm32f407xx.o(RESET) refers to startup_stm32f407xx.o(.text) for Reset_Handler
    startup_stm32f407xx.o(RESET) refers to stm32f4xx_it.o(.text.NMI_Handler) for NMI_Handler
    startup_stm32f407xx.o(RESET) refers to stm32f4xx_it.o(.text.HardFault_Handler) for HardFault_Handler
    startup_stm32f407xx.o(RESET) refers to stm32f4xx_it.o(.text.MemManage_Handler) for MemManage_Handler
    startup_stm32f407xx.o(RESET) refers to stm32f4xx_it.o(.text.BusFault_Handler) for BusFault_Handler
    startup_stm32f407xx.o(RESET) refers to stm32f4xx_it.o(.text.UsageFault_Handler) for UsageFault_Handler
    startup_stm32f407xx.o(RESET) refers to stm32f4xx_it.o(.text.SVC_Handler) for SVC_Handler
    startup_stm32f407xx.o(RESET) refers to stm32f4xx_it.o(.text.DebugMon_Handler) for DebugMon_Handler
    startup_stm32f407xx.o(RESET) refers to stm32f4xx_it.o(.text.PendSV_Handler) for PendSV_Handler
    startup_stm32f407xx.o(RESET) refers to stm32f4xx_it.o(.text.SysTick_Handler) for SysTick_Handler
    startup_stm32f407xx.o(RESET) refers to stm32f4xx_it.o(.text.DMA1_Stream5_IRQHandler) for DMA1_Stream5_IRQHandler
    startup_stm32f407xx.o(RESET) refers to stm32f4xx_it.o(.text.USART1_IRQHandler) for USART1_IRQHandler
    startup_stm32f407xx.o(RESET) refers to stm32f4xx_it.o(.text.TIM5_IRQHandler) for TIM5_IRQHandler
    startup_stm32f407xx.o(RESET) refers to stm32f4xx_it.o(.text.DMA2_Stream0_IRQHandler) for DMA2_Stream0_IRQHandler
    startup_stm32f407xx.o(RESET) refers to stm32f4xx_it.o(.text.DMA2_Stream2_IRQHandler) for DMA2_Stream2_IRQHandler
    startup_stm32f407xx.o(.text) refers to system_stm32f4xx.o(.text.SystemInit) for SystemInit
    startup_stm32f407xx.o(.text) refers to entry.o(.ARM.Collect$$$$00000000) for __main
    main.o(.text.fputc) refers to usart.o(.bss.huart1) for huart1
    main.o(.text.fputc) refers to stm32f4xx_hal_uart.o(.text.HAL_UART_Transmit) for HAL_UART_Transmit
    main.o(.ARM.exidx.text.fputc) refers to main.o(.text.fputc) for [Anonymous Symbol]
    main.o(.text.main) refers to stm32f4xx_hal.o(.text.HAL_Init) for HAL_Init
    main.o(.text.main) refers to main.o(.text.SystemClock_Config) for SystemClock_Config
    main.o(.text.main) refers to gpio.o(.text.MX_GPIO_Init) for MX_GPIO_Init
    main.o(.text.main) refers to dma.o(.text.MX_DMA_Init) for MX_DMA_Init
    main.o(.text.main) refers to adc.o(.text.MX_ADC1_Init) for MX_ADC1_Init
    main.o(.text.main) refers to tim.o(.text.MX_TIM2_Init) for MX_TIM2_Init
    main.o(.text.main) refers to usart.o(.text.MX_USART1_UART_Init) for MX_USART1_UART_Init
    main.o(.text.main) refers to tim.o(.text.MX_TIM3_Init) for MX_TIM3_Init
    main.o(.text.main) refers to adc.o(.text.MX_ADC2_Init) for MX_ADC2_Init
    main.o(.text.main) refers to adc.o(.text.MX_ADC3_Init) for MX_ADC3_Init
    main.o(.text.main) refers to tim.o(.text.MX_TIM5_Init) for MX_TIM5_Init
    main.o(.text.main) refers to dac.o(.text.MX_DAC_Init) for MX_DAC_Init
    main.o(.text.main) refers to tim.o(.text.MX_TIM8_Init) for MX_TIM8_Init
    main.o(.text.main) refers to message_uart.o(.text.message_init) for message_init
    main.o(.text.main) refers to fre_measure.o(.text.Fre_Measure_Init) for Fre_Measure_Init
    main.o(.text.main) refers to config.o(.text.ConfigAndData_Init) for ConfigAndData_Init
    main.o(.text.main) refers to config.o(.bss..L_MergedGlobals) for OSC_Config
    main.o(.text.main) refers to adc_dma.o(.text.ADC_DMA_Start) for ADC_DMA_Start
    main.o(.text.main) refers to adc_dma.o(.text.ADC_Change_Fs) for ADC_Change_Fs
    main.o(.text.main) refers to fft.o(.text.FFT_Init) for FFT_Init
    main.o(.text.main) refers to dac_dma.o(.text.DAC_DMA_Init) for DAC_DMA_Init
    main.o(.text.main) refers to main.o(.bss.adc_value_buffer_u32) for adc_value_buffer_u32
    main.o(.text.main) refers to main.o(.bss.adc_value_u32_HasFilter) for adc_value_u32_HasFilter
    main.o(.text.main) refers to dac_dma.o(.text.DAC_DMA_Stop) for DAC_DMA_Stop
    main.o(.text.main) refers to stm32f4xx_hal.o(.text.HAL_Delay) for HAL_Delay
    main.o(.text.main) refers to message_uart.o(.text.message_Read) for message_Read
    main.o(.text.main) refers to hmi.o(.text.HMI_ReceiveHandle) for HMI_ReceiveHandle
    main.o(.text.main) refers to hmi.o(.text.HMI_SeedFrame_MeasureData) for HMI_SeedFrame_MeasureData
    main.o(.text.main) refers to adc_dma.o(.text.ADC_ReadData_u32) for ADC_ReadData_u32
    main.o(.text.main) refers to main.o(.bss.adc_value_u32) for adc_value_u32
    main.o(.text.main) refers to adc_dma.o(.text.ADC_MultiModeBufferConvert) for ADC_MultiModeBufferConvert
    main.o(.text.main) refers to adc_dma.o(.text.Filter_IIR) for Filter_IIR
    main.o(.text.main) refers to adc_dma.o(.text.ADC_DataHandle) for ADC_DataHandle
[...]
    .Lswitch.table.HAL_TIM_IC_Start_IT       0x0800db9c   Data          16  stm32f4xx_hal_tim.o(.rodata.cst16)
    .Lswitch.table.HAL_TIM_IC_Stop_IT        0x0800dbac   Data          16  stm32f4xx_hal_tim.o(.rodata.cst16)
    .Lswitch.table.HAL_TIM_IC_Stop_DMA       0x0800dbbc   Data          16  stm32f4xx_hal_tim.o(.rodata.cst16)
    DMA_CalcBaseAndBitshift.flagBitshiftOffset 0x0800dbcc   Data           8  stm32f4xx_hal_dma.o(.rodata.cst8)
    [Anonymous Symbol]                       0x0800dbcc   Section        0  stm32f4xx_hal_dma.o(.rodata.cst8)
    .L.str.2                                 0x0800e3d8   Data           5  hmi.o(.rodata.str1.1)
    [Anonymous Symbol]                       0x0800e3d8   Section        0  hmi.o(.rodata.str1.1)
    .L.str                                   0x0800e3dd   Data          19  hmi.o(.rodata.str1.1)
    .L.str.3                                 0x0800e3f0   Data          13  hmi.o(.rodata.str1.1)
    .L.str.11                                0x0800e3fd   Data          13  hmi.o(.rodata.str1.1)
    .data                                    0x20000000   Section        4  stdout.o(.data)
    _errno                                   0x20000004   Data           4  errno.o(.data)
    .data                                    0x20000004   Section        4  errno.o(.data)
    .L_MergedGlobals                         0x20000008   Data           8  stm32f4xx_hal.o(.data..L_MergedGlobals)
    [Anonymous Symbol]                       0x20000008   Section        0  stm32f4xx_hal.o(.data..L_MergedGlobals)
    .L_MergedGlobals                         0x20000060   Data          60  config.o(.bss..L_MergedGlobals)
    [Anonymous Symbol]                       0x20000060   Section        0  config.o(.bss..L_MergedGlobals)
    .L_MergedGlobals                         0x2000009c   Data           8  fre_measure.o(.bss..L_MergedGlobals)
    period_cnt                               0x2000009c   Data           4  fre_measure.o(.bss..L_MergedGlobals)
    [Anonymous Symbol]                       0x2000009c   Section        0  fre_measure.o(.bss..L_MergedGlobals)
    high_cnt                                 0x200000a0   Data           4  fre_measure.o(.bss..L_MergedGlobals)
    ADC_Change_Fs.Flag_7200000               0x200000a5   Data           1  adc_dma.o(.bss.ADC_Change_Fs.Flag_7200000)
    [Anonymous Symbol]                       0x200000a5   Section        0  adc_dma.o(.bss.ADC_Change_Fs.Flag_7200000)
    Auto_Measure.state                       0x200000a6   Data           1  adc_dma.o(.bss.Auto_Measure.state)
    [Anonymous Symbol]                       0x200000a6   Section        0  adc_dma.o(.bss.Auto_Measure.state)
    RxBuffer_1                               0x200000ac   Data         128  message_uart.o(.bss.RxBuffer_1)
    [Anonymous Symbol]                       0x200000ac   Section        0  message_uart.o(.bss.RxBuffer_1)
    adc_value_buffer_u32                     0x20001130   Data        4096  adc_dma.o(.bss.adc_value_buffer_u32)
    [Anonymous Symbol]                       0x20001130   Section        0  adc_dma.o(.bss.adc_value_buffer_u32)
    adc_value_u32_HasFilter                  0x20003130   Data        4096  main.o(.bss.adc_value_u32_HasFilter)
    [Anonymous Symbol]                       0x20003130   Section        0  main.o(.bss.adc_value_u32_HasFilter)
    adc_value_u32_HasScale                   0x20004130   Data        4096  main.o(.bss.adc_value_u32_HasScale)
    [Anonymous Symbol]                       0x20004130   Section        0  main.o(.bss.adc_value_u32_HasScale)
    out_table                                0x200084bc   Data        1440  dac_dma.o(.bss.out_table)
    [Anonymous Symbol]                       0x200084bc   Section        0  dac_dma.o(.bss.out_table)
    STACK                                    0x20009268   Section     8192  startup_stm32f407xx.o(STACK)

    Global Symbols

    Symbol Name                              Value     Ov Type        Size  Object(Section)

    BuildAttributes$$THM_ISAv4$E$P$D$K$B$S$7EM$VFPi3$EXTD16$VFPS$VFMA$PE$A:L22UL41UL21$X:L11$S22US41US21$IEEE1$IW$~IW$USESV6$~STKCKD$USESV7$~SHL$OTIME$ROPI$IEEEJ$EBA8$MICROLIB$REQ8$PRES8$EABIv2 0x00000000   Number         0  anon$$obj.o ABSOLUTE
    _printf_a                                0x00000000   Number         0  printfstubs.o ABSOLUTE
    _printf_c                                0x00000000   Number         0  printfstubs.o ABSOLUTE
    _printf_charcount                        0x00000000   Number         0  printfstubs.o ABSOLUTE
    _printf_d                                0x00000000   Number         0  printfstubs.o ABSOLUTE
    _printf_e                                0x00000000   Number         0  printfstubs.o ABSOLUTE
    _printf_f                                0x00000000   Number         0  printfstubs.o ABSOLUTE
    _printf_flags                            0x00000000   Number         0  printfstubs.o ABSOLUTE
    _printf_fp_dec                           0x00000000   Number         0  printfstubs.o ABSOLUTE
    _printf_fp_hex                           0x00000000   Number         0  printfstubs.o ABSOLUTE
    _printf_g                                0x00000000   Number         0  printfstubs.o ABSOLUTE
    _printf_i                                0x00000000   Number         0  printfstubs.o ABSOLUTE
    _printf_int_dec                          0x00000000   Number         0  printfstubs.o ABSOLUTE
    _printf_l                                0x00000000   Number         0  printfstubs.o ABSOLUTE
    _printf_lc                               0x00000000   Number         0  printfstubs.o ABSOLUTE
    _printf_ll                               0x00000000   Number         0  printfstubs.o ABSOLUTE
    _printf_lld                              0x00000000   Number         0  printfstubs.o ABSOLUTE
    _printf_lli                              0x00000000   Number         0  printfstubs.o ABSOLUTE
    _printf_llo                              0x00000000   Number         0  printfstubs.o ABSOLUTE
    _printf_llu                              0x00000000   Number         0  printfstubs.o ABSOLUTE
    _printf_llx                              0x00000000   Number         0  printfstubs.o ABSOLUTE
    _printf_longlong_dec                     0x00000000   Number         0  printfstubs.o ABSOLUTE
    _printf_longlong_hex                     0x00000000   Number         0  printfstubs.o ABSOLUTE
    _printf_longlong_oct                     0x00000000   Number         0  printfstubs.o ABSOLUTE
    _printf_ls                               0x00000000   Number         0  printfstubs.o ABSOLUTE
    _printf_mbtowc                           0x00000000   Number         0  printfstubs.o ABSOLUTE
    _printf_n                                0x00000000   Number         0  printfstubs.o ABSOLUTE
    _printf_o                                0x00000000   Number         0  printfstubs.o ABSOLUTE
    _printf_p                                0x00000000   Number         0  printfstubs.o ABSOLUTE
    _printf_percent                          0x00000000   Number         0  printfstubs.o ABSOLUTE
    _printf_pre_padding                      0x00000000   Number         0  printfstubs.o ABSOLUTE
    _printf_return_value                     0x00000000   Number         0  printfstubs.o ABSOLUTE
    _printf_s                                0x00000000   Number         0  printfstubs.o ABSOLUTE
    _printf_sizespec                         0x00000000   Number         0  printfstubs.o ABSOLUTE
    _printf_str                              0x00000000   Number         0  printfstubs.o ABSOLUTE
    _printf_truncate_signed                  0x00000000   Number         0  printfstubs.o ABSOLUTE
    _printf_truncate_unsigned                0x00000000   Number         0  printfstubs.o ABSOLUTE
    _printf_u                                0x00000000   Number         0  printfstubs.o ABSOLUTE
    _printf_wc                               0x00000000   Number         0  printfstubs.o ABSOLUTE
    _printf_wctomb                           0x00000000   Number         0  printfstubs.o ABSOLUTE
    _printf_widthprec                        0x00000000   Number         0  printfstubs.o ABSOLUTE
    _printf_x                                0x00000000   Number         0  printfstubs.o ABSOLUTE
    __cpp_initialize__aeabi_                  - Undefined Weak Reference
    __cxa_finalize                            - Undefined Weak Reference
    __decompress                              - Undefined Weak Reference
    _clock_init                               - Undefined Weak Reference
    _microlib_exit                            - Undefined Weak Reference
    __Vectors_Size                           0x00000188   Number         0  startup_stm32f407xx.o ABSOLUTE
    __Vectors                                0x08000000   Data           4  startup_stm32f407xx.o(RESET)
    __Vectors_End                            0x08000188   Data           0  startup_stm32f407xx.o(RESET)
    __main                                   0x08000189   Thumb Code     0  entry.o(.ARM.Collect$$$$00000000)
    _main_stk                                0x08000189   Thumb Code     0  entry2.o(.ARM.Collect$$$$00000001)
    _main_scatterload                        0x0800018d   Thumb Code     0  entry5.o(.ARM.Collect$$$$00000004)
    __main_after_scatterload                 0x08000191   Thumb Code     0  entry5.o(.ARM.Collect$$$$00000004)
    _main_clock                              0x08000191   Thumb Code     0  entry7b.o(.ARM.Collect$$$$00000008)
    _main_cpp_init                           0x08000191   Thumb Code     0  entry8b.o(.ARM.Collect$$$$0000000A)
    _main_init                               0x08000191   Thumb Code     0  entry9a.o(.ARM.Collect$$$$0000000B)
    __rt_final_cpp                           0x08000199   Thumb Code     0  entry10a.o(.ARM.Collect$$$$0000000D)
    __rt_final_exit                          0x08000199   Thumb Code     0  entry11a.o(.ARM.Collect$$$$0000000F)
    Reset_Handler                            0x0800019d   Thumb Code     8  startup_stm32f407xx.o(.text)
    ADC_IRQHandler                           0x080001b7   Thumb Code     0  startup_stm32f407xx.o(.text)
    CAN1_RX0_IRQHandler                      0x080001b7   Thumb Code     0  startup_stm32f407xx.o(.text)
    CAN1_RX1_IRQHandler                      0x080001b7   Thumb Code     0  startup_stm32f407xx.o(.text)
    CAN1_SCE_IRQHandler                      0x080001b7   Thumb Code     0  startup_stm32f407xx.o(.text)
    CAN1_TX_IRQHandler                       0x080001b7   Thumb Code     0  startup_stm32f407xx.o(.text)
    CAN2_RX0_IRQHandler                      0x080001b7   Thumb Code     0  startup_stm32f407xx.o(.text)
    CAN2_RX1_IRQHandler                      0x080001b7   Thumb Code     0  startup_stm32f407xx.o(.text)
    CAN2_SCE_IRQHandler                      0x080001b7   Thumb Code     0  startup_stm32f407xx.o(.text)
    CAN2_TX_IRQHandler                       0x080001b7   Thumb Code     0  startup_stm32f407xx.o(.text)
    DCMI_IRQHandler                          0x080001b7   Thumb Code     0  startup_stm32f407xx.o(.text)
    DMA1_Stream0_IRQHandler                  0x080001b7   Thumb Code     0  startup_stm32f407xx.o(.text)
    DMA1_Stream1_IRQHandler                  0x080001b7   Thumb Code     0  startup_stm32f407xx.o(.text)
    DMA1_Stream2_IRQHandler                  0x080001b7   Thumb Code     0  startup_stm32f407xx.o(.text)
    DMA1_Stream3_IRQHandler                  0x080001b7   Thumb Code     0  startup_stm32f407xx.o(.text)
    DMA1_Stream4_IRQHandler                  0x080001b7   Thumb Code     0  startup_stm32f407xx.o(.text)
    DMA1_Stream6_IRQHandler                  0x080001b7   Thumb Code     0  startup_stm32f407xx.o(.text)
    DMA1_Stream7_IRQHandler                  0x080001b7   Thumb Code     0  startup_stm32f407xx.o(.text)
    DMA2_Stream1_IRQHandler                  0x080001b7   Thumb Code     0  startup_stm32f407xx.o(.text)
    DMA2_Stream3_IRQHandler                  0x080001b7   Thumb Code     0  startup_stm32f407xx.o(.text)
    DMA2_Stream4_IRQHandler                  0x080001b7   Thumb Code     0  startup_stm32f407xx.o(.text)
    DMA2_Stream5_IRQHandler                  0x080001b7   Thumb Code     0  startup_stm32f407xx.o(.text)
    DMA2_Stream6_IRQHandler                  0x080001b7   Thumb Code     0  startup_stm32f407xx.o(.text)
    DMA2_Stream7_IRQHandler                  0x080001b7   Thumb Code     0  startup_stm32f407xx.o(.text)
    ETH_IRQHandler                           0x080001b7   Thumb Code     0  startup_stm32f407xx.o(.text)
    ETH_WKUP_IRQHandler                      0x080001b7   Thumb Code     0  startup_stm32f407xx.o(.text)
    EXTI0_IRQHandler                         0x080001b7   Thumb Code     0  startup_stm32f407xx.o(.text)
    EXTI15_10_IRQHandler                     0x080001b7   Thumb Code     0  startup_stm32f407xx.o(.text)
    EXTI1_IRQHandler                         0x080001b7   Thumb Code     0  startup_stm32f407xx.o(.text)
    EXTI2_IRQHandler                         0x080001b7   Thumb Code     0  startup_stm32f407xx.o(.text)
    EXTI3_IRQHandler                         0x080001b7   Thumb Code     0  startup_stm32f407xx.o(.text)
    EXTI4_IRQHandler                         0x080001b7   Thumb Code     0  startup_stm32f407xx.o(.text)
    EXTI9_5_IRQHandler                       0x080001b7   Thumb Code     0  startup_stm32f407xx.o(.text)
    FLASH_IRQHandler                         0x080001b7   Thumb Code     0  startup_stm32f407xx.o(.text)
    FMC_IRQHandler                           0x080001b7   Thumb Code     0  startup_stm32f407xx.o(.text)
    FPU_IRQHandler                           0x080001b7   Thumb Code     0  startup_stm32f407xx.o(.text)
    HASH_RNG_IRQHandler                      0x080001b7   Thumb Code     0  startup_stm32f407xx.o(.text)
    I2C1_ER_IRQHandler                       0x080001b7   Thumb Code     0  startup_stm32f407xx.o(.text)
    I2C1_EV_IRQHandler                       0x080001b7   Thumb Code     0  startup_stm32f407xx.o(.text)
    I2C2_ER_IRQHandler                       0x080001b7   Thumb Code     0  startup_stm32f407xx.o(.text)
    I2C2_EV_IRQHandler                       0x080001b7   Thumb Code     0  startup_stm32f407xx.o(.text)
    I2C3_ER_IRQHandler                       0x080001b7   Thumb Code     0  startup_stm32f407xx.o(.text)
    I2C3_EV_IRQHandler                       0x080001b7   Thumb Code     0  startup_stm32f407xx.o(.text)
    OTG_FS_IRQHandler                        0x080001b7   Thumb Code     0  startup_stm32f407xx.o(.text)
    OTG_FS_WKUP_IRQHandler                   0x080001b7   Thumb Code     0  startup_stm32f407xx.o(.text)
    OTG_HS_EP1_IN_IRQHandler                 0x080001b7   Thumb Code     0  startup_stm32f407xx.o(.text)
    OTG_HS_EP1_OUT_IRQHandler                0x080001b7   Thumb Code     0  startup_stm32f407xx.o(.text)
    OTG_HS_IRQHandler                        0x080001b7   Thumb Code     0  startup_stm32f407xx.o(.text)
    OTG_HS_WKUP_IRQHandler                   0x080001b7   Thumb Code     0  startup_stm32f407xx.o(.text)
    PVD_IRQHandler                           0x080001b7   Thumb Code     0  startup_stm32f407xx.o(.text)
    RCC_IRQHandler                           0x080001b7   Thumb Code     0  startup_stm32f407xx.o(.text)
    RTC_Alarm_IRQHandler                     0x080001b7   Thumb Code     0  startup_stm32f407xx.o(.text)
    RTC_WKUP_IRQHandler                      0x080001b7   Thumb Code     0  startup_stm32f407xx.o(.text)
    SDIO_IRQHandler                          0x080001b7   Thumb Code     0  startup_stm32f407xx.o(.text)
    SPI1_IRQHandler                          0x080001b7   Thumb Code     0  startup_stm32f407xx.o(.text)
    SPI2_IRQHandler                          0x080001b7   Thumb Code     0  startup_stm32f407xx.o(.text)
    SPI3_IRQHandler                          0x080001b7   Thumb Code     0  startup_stm32f407xx.o(.text)
    TAMP_STAMP_IRQHandler                    0x080001b7   Thumb Code     0  startup_stm32f407xx.o(.text)
    TIM1_BRK_TIM9_IRQHandler                 0x080001b7   Thumb Code     0  startup_stm32f407xx.o(.text)
    TIM1_CC_IRQHandler                       0x080001b7   Thumb Code     0  startup_stm32f407xx.o(.text)
    TIM1_TRG_COM_TIM11_IRQHandler            0x080001b7   Thumb Code     0  startup_stm32f407xx.o(.text)
    TIM1_UP_TIM10_IRQHandler                 0x080001b7   Thumb Code     0  startup_stm32f407xx.o(.text)
    TIM2_IRQHandler                          0x080001b7   Thumb Code     0  startup_stm32f407xx.o(.text)
    TIM3_IRQHandler                          0x080001b7   Thumb Code     0  startup_stm32f407xx.o(.text)
    TIM4_IRQHandler                          0x080001b7   Thumb Code     0  startup_stm32f407xx.o(.text)
    TIM6_DAC_IRQHandler                      0x080001b7   Thumb Code     0  startup_stm32f407xx.o(.text)
    TIM7_IRQHandler                          0x080001b7   Thumb Code     0  startup_stm32f407xx.o(.text)
    TIM8_BRK_TIM12_IRQHandler                0x080001b7   Thumb Code     0  startup_stm32f407xx.o(.text)
    TIM8_CC_IRQHandler                       0x080001b7   Thumb Code     0  startup_stm32f407xx.o(.text)
    TIM8_TRG_COM_TIM14_IRQHandler            0x080001b7   Thumb Code     0  startup_stm32f407xx.o(.text)
    TIM8_UP_TIM13_IRQHandler                 0x080001b7   Thumb Code     0  startup_stm32f407xx.o(.text)
    UART4_IRQHandler                         0x080001b7   Thumb Code     0  startup_stm32f407xx.o(.text)
    UART5_IRQHandler                         0x080001b7   Thumb Code     0  startup_stm32f407xx.o(.text)
    USART2_IRQHandler                        0x080001b7   Thumb Code     0  startup_stm32f407xx.o(.text)
    USART3_IRQHandler                        0x080001b7   Thumb Code     0  startup_stm32f407xx.o(.text)
    USART6_IRQHandler                        0x080001b7   Thumb Code     0  startup_stm32f407xx.o(.text)
    WWDG_IRQHandler                          0x080001b7   Thumb Code     0  startup_stm32f407xx.o(.text)
    __aeabi_uldivmod                         0x080001c1   Thumb Code    98  uldiv.o(.text)
    __aeabi_memcpy                           0x08000223   Thumb Code    36  memcpya.o(.text)
    __aeabi_memcpy4                          0x08000223   Thumb Code     0  memcpya.o(.text)
    __aeabi_memcpy8                          0x08000223   Thumb Code     0  memcpya.o(.text)
    __aeabi_memset                           0x08000247   Thumb Code    14  memseta.o(.text)
    __aeabi_memset4                          0x08000247   Thumb Code     0  memseta.o(.text)
    __aeabi_memset8                          0x08000247   Thumb Code     0  memseta.o(.text)
    __aeabi_memclr                           0x08000255   Thumb Code     4  memseta.o(.text)
    __aeabi_memclr4                          0x08000255   Thumb Code     0  memseta.o(.text)
    __aeabi_memclr8                          0x08000255   Thumb Code     0  memseta.o(.text)
    _memset$wrapper                          0x08000259   Thumb Code    18  memseta.o(.text)
    __aeabi_uidiv                            0x0800026b   Thumb Code     0  uidiv.o(.text)
    __aeabi_uidivmod                         0x0800026b   Thumb Code    44  uidiv.o(.text)
    __aeabi_llsl                             0x08000297   Thumb Code    30  llshl.o(.text)
    _ll_shift_l                              0x08000297   Thumb Code     0  llshl.o(.text)
    __aeabi_llsr                             0x080002b5   Thumb Code    32  llushr.o(.text)
    _ll_ushift_r                             0x080002b5   Thumb Code     0  llushr.o(.text)
    __I$use$fp                               0x080002d5   Thumb Code     0  iusefp.o(.text)
    __scatterload                            0x080002d5   Thumb Code    38  init.o(.text)
    __scatterload_rt2                        0x080002d5   Thumb Code     0  init.o(.text)
    ADC_Change_Fs                            0x08000305   Thumb Code   488  adc_dma.o(.text.ADC_Change_Fs)
    ADC_DMA_Start                            0x08000579   Thumb Code   168  adc_dma.o(.text.ADC_DMA_Start)
    ADC_DataHandle                           0x08000621   Thumb Code   320  adc_dma.o(.text.ADC_DataHandle)
    ADC_MultiModeBufferConvert               0x08000769   Thumb Code   170  adc_dma.o(.text.ADC_MultiModeBufferConvert)
    ADC_ReadData_u32                         0x08000899   Thumb Code    30  adc_dma.o(.text.ADC_ReadData_u32)
    ADC_Restart                              0x080008b9   Thumb Code   116  adc_dma.o(.text.ADC_Restart)
    Auto_Measure                             0x0800092d   Thumb Code   468  adc_dma.o(.text.Auto_Measure)
    BusFault_Handler                         0x08000b35   Thumb Code     2  stm32f4xx_it.o(.text.BusFault_Handler)
    ConfigAndData_Init                       0x08000b39   Thumb Code    82  config.o(.text.ConfigAndData_Init)
    Config_Update                            0x08000b8d   Thumb Code    26  config.o(.text.Config_Update)
    DAC_DMAConvCpltCh1                       0x08000ba9   Thumb Code    16  stm32f4xx_hal_dac.o(.text.DAC_DMAConvCpltCh1)
    DAC_DMAConvCpltCh2                       0x08000bb9   Thumb Code    16  stm32f4xx_hal_dac_ex.o(.text.DAC_DMAConvCpltCh2)
    DAC_DMAErrorCh1                          0x08000bc9   Thumb Code    24  stm32f4xx_hal_dac.o(.text.DAC_DMAErrorCh1)
    DAC_DMAErrorCh2                          0x08000be1   Thumb Code    24  stm32f4xx_hal_dac_ex.o(.text.DAC_DMAErrorCh2)
    DAC_DMAHalfConvCpltCh1                   0x08000bf9   Thumb Code     6  stm32f4xx_hal_dac.o(.text.DAC_DMAHalfConvCpltCh1)
    DAC_DMAHalfConvCpltCh2                   0x08000c01   Thumb Code     6  stm32f4xx_hal_dac_ex.o(.text.DAC_DMAHalfConvCpltCh2)
    DAC_DMA_ChangeOut                        0x08000c09   Thumb Code   220  dac_dma.o(.text.DAC_DMA_ChangeOut)
    DAC_DMA_Init                             0x08000ced   Thumb Code   160  dac_dma.o(.text.DAC_DMA_Init)
    DAC_DMA_Start                            0x08000da5   Thumb Code    60  dac_dma.o(.text.DAC_DMA_Start)
    DAC_DMA_Stop                             0x08000de1   Thumb Code    14  dac_dma.o(.text.DAC_DMA_Stop)
    DMA1_Stream5_IRQHandler                  0x08000df1   Thumb Code    12  stm32f4xx_it.o(.text.DMA1_Stream5_IRQHandler)
    DMA2_Stream0_IRQHandler                  0x08000dfd   Thumb Code    12  stm32f4xx_it.o(.text.DMA2_Stream0_IRQHandler)
    DMA2_Stream2_IRQHandler                  0x08000e09   Thumb Code    12  stm32f4xx_it.o(.text.DMA2_Stream2_IRQHandler)
    DebugMon_Handler                         0x08000e15   Thumb Code     2  stm32f4xx_it.o(.text.DebugMon_Handler)
    Error_Handler                            0x08000e19   Thumb Code     6  main.o(.text.Error_Handler)
    FFT_App                                  0x08000e21   Thumb Code   600  fft.o(.text.FFT_App)
    FFT_Init                                 0x0800107d   Thumb Code    16  fft.o(.text.FFT_Init)
    Filter_IIR                               0x0800108d   Thumb Code   404  adc_dma.o(.text.Filter_IIR)
    Fre_Measure_Get_Fre                      0x08001221   Thumb Code    84  fre_measure.o(.text.Fre_Measure_Get_Fre)
    Fre_Measure_Init                         0x08001279   Thumb Code    30  fre_measure.o(.text.Fre_Measure_Init)
    GenSawTable                              0x08001299   Thumb Code  2872  dac_dma.o(.text.GenSawTable)
    GenSquareTable                           0x08001dd5   Thumb Code   804  dac_dma.o(.text.GenSquareTable)
    GenWaveform                              0x08002105   Thumb Code   596  dac_dma.o(.text.GenWaveform)
    HAL_ADCEx_MultiModeConfigChannel         0x08002369   Thumb Code    88  stm32f4xx_hal_adc_ex.o(.text.HAL_ADCEx_MultiModeConfigChannel)
    HAL_ADCEx_MultiModeStart_DMA             0x080023c1   Thumb Code   326  stm32f4xx_hal_adc_ex.o(.text.HAL_ADCEx_MultiModeStart_DMA)
    HAL_ADCEx_MultiModeStop_DMA              0x08002509   Thumb Code   106  stm32f4xx_hal_adc_ex.o(.text.HAL_ADCEx_MultiModeStop_DMA)
    HAL_ADC_ConfigChannel                    0x08002575   Thumb Code   316  stm32f4xx_hal_adc.o(.text.HAL_ADC_ConfigChannel)
    HAL_ADC_ConvCpltCallback                 0x080026b1   Thumb Code    30  adc_dma.o(.text.HAL_ADC_ConvCpltCallback)
    HAL_ADC_ConvHalfCpltCallback             0x080026d1   Thumb Code     2  stm32f4xx_hal_adc.o(.text.HAL_ADC_ConvHalfCpltCallback)
    HAL_ADC_DeInit                           0x080026d5   Thumb Code    62  stm32f4xx_hal_adc.o(.text.HAL_ADC_DeInit)
    HAL_ADC_ErrorCallback                    0x08002715   Thumb Code     2  stm32f4xx_hal_adc.o(.text.HAL_ADC_ErrorCallback)
    HAL_ADC_Init                             0x08002719   Thumb Code   348  stm32f4xx_hal_adc.o(.text.HAL_ADC_Init)
    HAL_ADC_MspDeInit                        0x08002875   Thumb Code   128  adc.o(.text.HAL_ADC_MspDeInit)
    HAL_ADC_MspInit                          0x080028f5   Thumb Code   338  adc.o(.text.HAL_ADC_MspInit)
    HAL_ADC_Start                            0x08002a49   Thumb Code   346  stm32f4xx_hal_adc.o(.text.HAL_ADC_Start)
    HAL_ADC_Start_DMA                        0x08002ba5   Thumb Code   416  stm32f4xx_hal_adc.o(.text.HAL_ADC_Start_DMA)
    HAL_ADC_Stop                             0x08002d45   Thumb Code    50  stm32f4xx_hal_adc.o(.text.HAL_ADC_Stop)
    HAL_ADC_Stop_DMA                         0x08002d79   Thumb Code   126  stm32f4xx_hal_adc.o(.text.HAL_ADC_Stop_DMA)
    HAL_DACEx_ConvCpltCallbackCh2            0x08002df9   Thumb Code     2  stm32f4xx_hal_dac_ex.o(.text.HAL_DACEx_ConvCpltCallbackCh2)
    HAL_DACEx_ConvHalfCpltCallbackCh2        0x08002dfd   Thumb Code     2  stm32f4xx_hal_dac_ex.o(.text.HAL_DACEx_ConvHalfCpltCallbackCh2)
    HAL_DACEx_ErrorCallbackCh2               0x08002e01   Thumb Code     2  stm32f4xx_hal_dac_ex.o(.text.HAL_DACEx_ErrorCallbackCh2)
    HAL_DAC_ConfigChannel                    0x08002e05   Thumb Code    96  stm32f4xx_hal_dac.o(.text.HAL_DAC_ConfigChannel)
    HAL_DAC_ConvCpltCallbackCh1              0x08002e65   Thumb Code     2  stm32f4xx_hal_dac.o(.text.HAL_DAC_ConvCpltCallbackCh1)
    HAL_DAC_ConvHalfCpltCallbackCh1          0x08002e69   Thumb Code     2  stm32f4xx_hal_dac.o(.text.HAL_DAC_ConvHalfCpltCallbackCh1)
    HAL_DAC_ErrorCallbackCh1                 0x08002e6d   Thumb Code     2  stm32f4xx_hal_dac.o(.text.HAL_DAC_ErrorCallbackCh1)
    HAL_DAC_Init                             0x08002e71   Thumb Code    46  stm32f4xx_hal_dac.o(.text.HAL_DAC_Init)
    HAL_DAC_MspInit                          0x08002ea1   Thumb Code   186  dac.o(.text.HAL_DAC_MspInit)
    HAL_DAC_Start_DMA                        0x08002f5d   Thumb Code   240  stm32f4xx_hal_dac.o(.text.HAL_DAC_Start_DMA)
    HAL_DAC_Stop_DMA                         0x0800304d   Thumb Code    90  stm32f4xx_hal_dac.o(.text.HAL_DAC_Stop_DMA)
    HAL_DMA_Abort                            0x080030a9   Thumb Code   142  stm32f4xx_hal_dma.o(.text.HAL_DMA_Abort)
    HAL_DMA_Abort_IT                         0x08003139   Thumb Code    36  stm32f4xx_hal_dma.o(.text.HAL_DMA_Abort_IT)
    HAL_DMA_DeInit                           0x0800315d   Thumb Code   136  stm32f4xx_hal_dma.o(.text.HAL_DMA_DeInit)
    HAL_DMA_IRQHandler                       0x080031e5   Thumb Code   452  stm32f4xx_hal_dma.o(.text.HAL_DMA_IRQHandler)
    HAL_DMA_Init                             0x080033a9   Thumb Code   354  stm32f4xx_hal_dma.o(.text.HAL_DMA_Init)
    HAL_DMA_Start_IT                         0x0800350d   Thumb Code   162  stm32f4xx_hal_dma.o(.text.HAL_DMA_Start_IT)
    HAL_Delay                                0x080035b1   Thumb Code    40  stm32f4xx_hal.o(.text.HAL_Delay)
    HAL_GPIO_DeInit                          0x080035d9   Thumb Code   466  stm32f4xx_hal_gpio.o(.text.HAL_GPIO_DeInit)
    HAL_GPIO_Init                            0x080037ad   Thumb Code   414  stm32f4xx_hal_gpio.o(.text.HAL_GPIO_Init)
    HAL_GPIO_WritePin                        0x0800394d   Thumb Code    10  stm32f4xx_hal_gpio.o(.text.HAL_GPIO_WritePin)
    HAL_GetTick                              0x08003959   Thumb Code    12  stm32f4xx_hal.o(.text.HAL_GetTick)
    HAL_IncTick                              0x08003965   Thumb Code    26  stm32f4xx_hal.o(.text.HAL_IncTick)
    HAL_Init                                 0x08003981   Thumb Code    54  stm32f4xx_hal.o(.text.HAL_Init)
    HAL_InitTick                             0x080039b9   Thumb Code    72  stm32f4xx_hal.o(.text.HAL_InitTick)
    HAL_MspInit                              0x08003a01   Thumb Code    56  stm32f4xx_hal_msp.o(.text.HAL_MspInit)
    HAL_NVIC_EnableIRQ                       0x08003a39   Thumb Code    34  stm32f4xx_hal_cortex.o(.text.HAL_NVIC_EnableIRQ)
    HAL_NVIC_SetPriority                     0x08003a5d   Thumb Code    86  stm32f4xx_hal_cortex.o(.text.HAL_NVIC_SetPriority)
    HAL_NVIC_SetPriorityGrouping             0x08003ab5   Thumb Code    32  stm32f4xx_hal_cortex.o(.text.HAL_NVIC_SetPriorityGrouping)
    HAL_RCC_ClockConfig                      0x08003ad5   Thumb Code   356  stm32f4xx_hal_rcc.o(.text.HAL_RCC_ClockConfig)
    HAL_RCC_GetPCLK1Freq                     0x08003c39   Thumb Code    38  stm32f4xx_hal_rcc.o(.text.HAL_RCC_GetPCLK1Freq)
    HAL_RCC_GetPCLK2Freq                     0x08003c61   Thumb Code    38  stm32f4xx_hal_rcc.o(.text.HAL_RCC_GetPCLK2Freq)
    HAL_RCC_GetSysClockFreq                  0x08003c89   Thumb Code   112  stm32f4xx_hal_rcc.o(.text.HAL_RCC_GetSysClockFreq)
    HAL_RCC_OscConfig                        0x08003cf9   Thumb Code   940  stm32f4xx_hal_rcc.o(.text.HAL_RCC_OscConfig)
    HAL_SYSTICK_Config                       0x080040a5   Thumb Code    44  stm32f4xx_hal_cortex.o(.text.HAL_SYSTICK_Config)
    HAL_TIMEx_BreakCallback                  0x080040d1   Thumb Code     2  stm32f4xx_hal_tim_ex.o(.text.HAL_TIMEx_BreakCallback)
    HAL_TIMEx_CommutCallback                 0x080040d5   Thumb Code     2  stm32f4xx_hal_tim_ex.o(.text.HAL_TIMEx_CommutCallback)
    HAL_TIMEx_MasterConfigSynchronization    0x080040d9   Thumb Code   186  stm32f4xx_hal_tim_ex.o(.text.HAL_TIMEx_MasterConfigSynchronization)
    HAL_TIM_Base_Init                        0x08004195   Thumb Code    90  stm32f4xx_hal_tim.o(.text.HAL_TIM_Base_Init)
    HAL_TIM_Base_MspInit                     0x080041f1   Thumb Code   212  tim.o(.text.HAL_TIM_Base_MspInit)
    HAL_TIM_Base_Start                       0x080042c5   Thumb Code   162  stm32f4xx_hal_tim.o(.text.HAL_TIM_Base_Start)
    HAL_TIM_Base_Stop                        0x08004369   Thumb Code    52  stm32f4xx_hal_tim.o(.text.HAL_TIM_Base_Stop)
    HAL_TIM_ConfigClockSource                0x0800439d   Thumb Code   416  stm32f4xx_hal_tim.o(.text.HAL_TIM_ConfigClockSource)
    HAL_TIM_IC_CaptureCallback               0x0800453d   Thumb Code    78  fre_measure.o(.text.HAL_TIM_IC_CaptureCallback)
    HAL_TIM_IC_ConfigChannel                 0x0800458d   Thumb Code   454  stm32f4xx_hal_tim.o(.text.HAL_TIM_IC_ConfigChannel)
    HAL_TIM_IC_Init                          0x08004755   Thumb Code    90  stm32f4xx_hal_tim.o(.text.HAL_TIM_IC_Init)
    HAL_TIM_IC_MspInit                       0x080047b1   Thumb Code     2  stm32f4xx_hal_tim.o(.text.HAL_TIM_IC_MspInit)
    HAL_TIM_IC_Start_IT                      0x080047b5   Thumb Code   354  stm32f4xx_hal_tim.o(.text.HAL_TIM_IC_Start_IT)
    HAL_TIM_IRQHandler                       0x08004919   Thumb Code   334  stm32f4xx_hal_tim.o(.text.HAL_TIM_IRQHandler)
    HAL_TIM_OC_DelayElapsedCallback          0x08004a69   Thumb Code     2  stm32f4xx_hal_tim.o(.text.HAL_TIM_OC_DelayElapsedCallback)
    HAL_TIM_PWM_ConfigChannel                0x08004a6d   Thumb Code   544  stm32f4xx_hal_tim.o(.text.HAL_TIM_PWM_ConfigChannel)
    HAL_TIM_PWM_Init                         0x08004c8d   Thumb Code    90  stm32f4xx_hal_tim.o(.text.HAL_TIM_PWM_Init)
    HAL_TIM_PWM_MspInit                      0x08004ce9   Thumb Code    52  tim.o(.text.HAL_TIM_PWM_MspInit)
    HAL_TIM_PWM_PulseFinishedCallback        0x08004d1d   Thumb Code     2  stm32f4xx_hal_tim.o(.text.HAL_TIM_PWM_PulseFinishedCallback)
    HAL_TIM_PeriodElapsedCallback            0x08004d21   Thumb Code     2  stm32f4xx_hal_tim.o(.text.HAL_TIM_PeriodElapsedCallback)
    HAL_TIM_ReadCapturedValue                0x08004d25   Thumb Code    22  stm32f4xx_hal_tim.o(.text.HAL_TIM_ReadCapturedValue)
    HAL_TIM_SlaveConfigSynchro               0x08004d3d   Thumb Code    88  stm32f4xx_hal_tim.o(.text.HAL_TIM_SlaveConfigSynchro)
    HAL_TIM_TriggerCallback                  0x08004d95   Thumb Code     2  stm32f4xx_hal_tim.o(.text.HAL_TIM_TriggerCallback)
    HAL_UARTEx_ReceiveToIdle_DMA             0x08004d99   Thumb Code   494  stm32f4xx_hal_uart.o(.text.HAL_UARTEx_ReceiveToIdle_DMA)
    HAL_UARTEx_RxEventCallback               0x08004f89   Thumb Code    82  message_uart.o(.text.HAL_UARTEx_RxEventCallback)
    HAL_UART_ErrorCallback                   0x08004fdd   Thumb Code    44  message_uart.o(.text.HAL_UART_ErrorCallback)
    HAL_UART_IRQHandler                      0x08005009   Thumb Code  1428  stm32f4xx_hal_uart.o(.text.HAL_UART_IRQHandler)
    HAL_UART_Init                            0x0800559d   Thumb Code    96  stm32f4xx_hal_uart.o(.text.HAL_UART_Init)
    HAL_UART_MspInit                         0x080055fd   Thumb Code   194  usart.o(.text.HAL_UART_MspInit)
    HAL_UART_RxCpltCallback                  0x080056c1   Thumb Code     2  stm32f4xx_hal_uart.o(.text.HAL_UART_RxCpltCallback)
    HAL_UART_RxHalfCpltCallback              0x080056c5   Thumb Code     2  stm32f4xx_hal_uart.o(.text.HAL_UART_RxHalfCpltCallback)
    HAL_UART_Transmit                        0x080056c9   Thumb Code   402  stm32f4xx_hal_uart.o(.text.HAL_UART_Transmit)
    HAL_UART_TxCpltCallback                  0x0800585d   Thumb Code     2  stm32f4xx_hal_uart.o(.text.HAL_UART_TxCpltCallback)
    HMI_ReceiveHandle                        0x08005861   Thumb Code   624  hmi.o(.text.HMI_ReceiveHandle)
    HMI_SeedFrame_FFT                        0x08005ad5   Thumb Code   188  hmi.o(.text.HMI_SeedFrame_FFT)
    HMI_SeedFrame_MeasureData                0x08005bb5   Thumb Code   164  hmi.o(.text.HMI_SeedFrame_MeasureData)
    HMI_SeedFrame_Wave                       0x08005cad   Thumb Code    86  hmi.o(.text.HMI_SeedFrame_Wave)
    HardFault_Handler                        0x08005d05   Thumb Code     2  stm32f4xx_it.o(.text.HardFault_Handler)
    MX_ADC1_Init                             0x08005d09   Thumb Code   106  adc.o(.text.MX_ADC1_Init)
    MX_ADC2_Init                             0x08005d75   Thumb Code   104  adc.o(.text.MX_ADC2_Init)
    MX_ADC3_Init                             0x08005ddd   Thumb Code   104  adc.o(.text.MX_ADC3_Init)
    MX_DAC_Init                              0x08005e45   Thumb Code    70  dac.o(.text.MX_DAC_Init)
    MX_DMA_Init                              0x08005e8d   Thumb Code   108  dma.o(.text.MX_DMA_Init)
    MX_GPIO_Init                             0x08005ef9   Thumb Code   146  gpio.o(.text.MX_GPIO_Init)
    MX_TIM2_Init                             0x08005f8d   Thumb Code   112  tim.o(.text.MX_TIM2_Init)
    MX_TIM3_Init                             0x08005ffd   Thumb Code   206  tim.o(.text.MX_TIM3_Init)
    MX_TIM5_Init                             0x080060cd   Thumb Code   260  tim.o(.text.MX_TIM5_Init)
    MX_TIM8_Init                             0x080061d1   Thumb Code   126  tim.o(.text.MX_TIM8_Init)
    MX_USART1_UART_Init                      0x08006251   Thumb Code    60  usart.o(.text.MX_USART1_UART_Init)
    MemManage_Handler                        0x0800628d   Thumb Code     2  stm32f4xx_it.o(.text.MemManage_Handler)
    NMI_Handler                              0x08006291   Thumb Code     2  stm32f4xx_it.o(.text.NMI_Handler)
    PendSV_Handler                           0x08006295   Thumb Code     2  stm32f4xx_it.o(.text.PendSV_Handler)
    SVC_Handler                              0x08006299   Thumb Code     2  stm32f4xx_it.o(.text.SVC_Handler)
    Scale_X_Axis                             0x0800629d   Thumb Code   748  adc_dma.o(.text.Scale_X_Axis)
    SysTick_Handler                          0x0800658d   Thumb Code     4  stm32f4xx_it.o(.text.SysTick_Handler)
    SystemClock_Config                       0x08006591   Thumb Code   168  main.o(.text.SystemClock_Config)
    SystemInit                               0x08006639   Thumb Code    18  system_stm32f4xx.o(.text.SystemInit)
    TIM5_IRQHandler                          0x0800664d   Thumb Code    12  stm32f4xx_it.o(.text.TIM5_IRQHandler)
    TIM_Base_SetConfig                       0x08006659   Thumb Code   314  stm32f4xx_hal_tim.o(.text.TIM_Base_SetConfig)
    USART1_IRQHandler                        0x08006d79   Thumb Code    12  stm32f4xx_it.o(.text.USART1_IRQHandler)
    UsageFault_Handler                       0x08006d85   Thumb Code     2  stm32f4xx_it.o(.text.UsageFault_Handler)
    arm_bitreversal_32                       0x08006d89   Thumb Code    68  arm_bitreversal2.o(.text.arm_bitreversal_32)
    arm_cfft_f32                             0x08006dcd   Thumb Code   224  arm_cfft_f32.o(.text.arm_cfft_f32)
    arm_cfft_init_f32                        0x08006ead   Thumb Code   180  arm_cfft_init_f32.o(.text.arm_cfft_init_f32)
    arm_cfft_radix8by2_f32                   0x08006f61   Thumb Code   408  arm_cfft_f32.o(.text.arm_cfft_radix8by2_f32)
    arm_cfft_radix8by4_f32                   0x080070f9   Thumb Code  1020  arm_cfft_f32.o(.text.arm_cfft_radix8by4_f32)
    arm_cmplx_mag_f32                        0x080074f5   Thumb Code   340  arm_cmplx_mag_f32.o(.text.arm_cmplx_mag_f32)
    arm_max_f32                              0x08007649   Thumb Code   188  arm_max_f32.o(.text.arm_max_f32)
    arm_min_f32                              0x08007705   Thumb Code   188  arm_min_f32.o(.text.arm_min_f32)
    arm_radix8_butterfly_f32                 0x080077c1   Thumb Code  1458  arm_cfft_radix8_f32.o(.text.arm_radix8_butterfly_f32)
    arm_rfft_fast_f32                        0x08007eb5   Thumb Code    70  arm_rfft_fast_f32.o(.text.arm_rfft_fast_f32)
    arm_rfft_fast_init_f32                   0x08007efb   Thumb Code   144  arm_rfft_fast_init_f32.o(.text.arm_rfft_fast_init_f32)
    arm_sin_f32                              0x08007f8d   Thumb Code   144  arm_sin_f32.o(.text.arm_sin_f32)
    fputc                                    0x0800801d   Thumb Code    32  main.o(.text.fputc)
    main                                     0x0800803d   Thumb Code   532  main.o(.text.main)
    merge_rfft_f32                           0x08008259   Thumb Code   180  arm_rfft_fast_f32.o(.text.merge_rfft_f32)
    message_Read                             0x0800830d   Thumb Code    62  message_uart.o(.text.message_Read)
    message_init                             0x0800834d   Thumb Code    54  message_uart.o(.text.message_init)
    stage_rfft_f32                           0x08008385   Thumb Code   180  arm_rfft_fast_f32.o(.text.stage_rfft_f32)
    __0printf$1                              0x08008439   Thumb Code    22  printf1.o(i.__0printf$1)
    __1printf$1                              0x08008439   Thumb Code     0  printf1.o(i.__0printf$1)
    __2printf                                0x08008439   Thumb Code     0  printf1.o(i.__0printf$1)
    __hardfp_sqrtf                           0x08008459   Thumb Code    58  sqrtf.o(i.__hardfp_sqrtf)
    __scatterload_copy                       0x08008493   Thumb Code    14  handlers.o(i.__scatterload_copy)
    __scatterload_null                       0x080084a1   Thumb Code     2  handlers.o(i.__scatterload_null)
    __scatterload_zeroinit                   0x080084a3   Thumb Code    14  handlers.o(i.__scatterload_zeroinit)
    __set_errno                              0x080084b1   Thumb Code     6  errno.o(i.__set_errno)
    putchar                                  0x08008611   Thumb Code     6  putchar.o(i.putchar)
    AHBPrescTable                            0x0800861c   Data          16  system_stm32f4xx.o(.rodata.AHBPrescTable)
    APBPrescTable                            0x0800862c   Data           8  system_stm32f4xx.o(.rodata.APBPrescTable)
    armBitRevIndexTable1024                  0x08008634   Data        3600  arm_common_tables.o(.rodata.armBitRevIndexTable1024)
    armBitRevIndexTable128                   0x08009444   Data         416  arm_common_tables.o(.rodata.armBitRevIndexTable128)
    armBitRevIndexTable16                    0x080095e4   Data          40  arm_common_tables.o(.rodata.armBitRevIndexTable16)
    armBitRevIndexTable2048                  0x0800960c   Data        7616  arm_common_tables.o(.rodata.armBitRevIndexTable2048)
    armBitRevIndexTable256                   0x0800b3cc   Data         880  arm_common_tables.o(.rodata.armBitRevIndexTable256)
    armBitRevIndexTable32                    0x0800b73c   Data          96  arm_common_tables.o(.rodata.armBitRevIndexTable32)
    armBitRevIndexTable4096                  0x0800b79c   Data        8064  arm_common_tables.o(.rodata.armBitRevIndexTable4096)
    armBitRevIndexTable512                   0x0800d71c   Data         896  arm_common_tables.o(.rodata.armBitRevIndexTable512)
    armBitRevIndexTable64                    0x0800da9c   Data         112  arm_common_tables.o(.rodata.armBitRevIndexTable64)
    arm_cfft_sR_f32_len1024                  0x0800db0c   Data          16  arm_const_structs.o(.rodata.arm_cfft_sR_f32_len1024)
    arm_cfft_sR_f32_len128                   0x0800db1c   Data          16  arm_const_structs.o(.rodata.arm_cfft_sR_f32_len128)
    arm_cfft_sR_f32_len16                    0x0800db2c   Data          16  arm_const_structs.o(.rodata.arm_cfft_sR_f32_len16)
    arm_cfft_sR_f32_len2048                  0x0800db3c   Data          16  arm_const_structs.o(.rodata.arm_cfft_sR_f32_len2048)
    arm_cfft_sR_f32_len256                   0x0800db4c   Data          16  arm_const_structs.o(.rodata.arm_cfft_sR_f32_len256)
    arm_cfft_sR_f32_len32                    0x0800db5c   Data          16  arm_const_structs.o(.rodata.arm_cfft_sR_f32_len32)
    arm_cfft_sR_f32_len4096                  0x0800db6c   Data          16  arm_const_structs.o(.rodata.arm_cfft_sR_f32_len4096)
    arm_cfft_sR_f32_len512                   0x0800db7c   Data          16  arm_const_structs.o(.rodata.arm_cfft_sR_f32_len512)
    arm_cfft_sR_f32_len64                    0x0800db8c   Data          16  arm_const_structs.o(.rodata.arm_cfft_sR_f32_len64)
    sinTable_f32                             0x0800dbd4   Data        2052  arm_common_tables.o(.rodata.sinTable_f32)
    twiddleCoef_1024                         0x0800e40c   Data        8192  arm_common_tables.o(.rodata.twiddleCoef_1024)
    twiddleCoef_128                          0x0801040c   Data        1024  arm_common_tables.o(.rodata.twiddleCoef_128)
    twiddleCoef_16                           0x0801080c   Data         128  arm_common_tables.o(.rodata.twiddleCoef_16)
    twiddleCoef_2048                         0x0801088c   Data       16384  arm_common_tables.o(.rodata.twiddleCoef_2048)
    twiddleCoef_256                          0x0801488c   Data        2048  arm_common_tables.o(.rodata.twiddleCoef_256)
    twiddleCoef_32                           0x0801508c   Data         256  arm_common_tables.o(.rodata.twiddleCoef_32)
    twiddleCoef_4096                         0x0801518c   Data       32768  arm_common_tables.o(.rodata.twiddleCoef_4096)
    twiddleCoef_512                          0x0801d18c   Data        4096  arm_common_tables.o(.rodata.twiddleCoef_512)
    twiddleCoef_64                           0x0801e18c   Data         512  arm_common_tables.o(.rodata.twiddleCoef_64)
    twiddleCoef_rfft_1024                    0x0801e38c   Data        4096  arm_common_tables.o(.rodata.twiddleCoef_rfft_1024)
    twiddleCoef_rfft_128                     0x0801f38c   Data         512  arm_common_tables.o(.rodata.twiddleCoef_rfft_128)
    twiddleCoef_rfft_2048                    0x0801f58c   Data        8192  arm_common_tables.o(.rodata.twiddleCoef_rfft_2048)
    twiddleCoef_rfft_256                     0x0802158c   Data        1024  arm_common_tables.o(.rodata.twiddleCoef_rfft_256)
    twiddleCoef_rfft_32                      0x0802198c   Data         128  arm_common_tables.o(.rodata.twiddleCoef_rfft_32)
    twiddleCoef_rfft_4096                    0x08021a0c   Data       16384  arm_common_tables.o(.rodata.twiddleCoef_rfft_4096)
    twiddleCoef_rfft_512                     0x08025a0c   Data        2048  arm_common_tables.o(.rodata.twiddleCoef_rfft_512)
    twiddleCoef_rfft_64                      0x0802620c   Data         256  arm_common_tables.o(.rodata.twiddleCoef_rfft_64)
    Region$$Table$$Base                      0x0802630c   Number         0  anon$$obj.o(Region$$Table)
    Region$$Table$$Limit                     0x0802632c   Number         0  anon$$obj.o(Region$$Table)
    __stdout                                 0x20000000   Data           4  stdout.o(.data)
    uwTickFreq                               0x20000008   Data           1  stm32f4xx_hal.o(.data..L_MergedGlobals)
    uwTickPrio                               0x2000000c   Data           4  stm32f4xx_hal.o(.data..L_MergedGlobals)
    OSC_Fs_Arr                               0x20000010   Data          24  config.o(.data.OSC_Fs_Arr)
    OSC_Fs_Arr_config                        0x20000028   Data          48  config.o(.data.OSC_Fs_Arr_config)
    SystemCoreClock                          0x20000058   Data           4  system_stm32f4xx.o(.data.SystemCoreClock)
    OSC_Config                               0x20000060   Data          16  config.o(.bss..L_MergedGlobals)
    DAC_Param                                0x20000070   Data          20  config.o(.bss..L_MergedGlobals)
    OSC_MeasureData                          0x20000084   Data          24  config.o(.bss..L_MergedGlobals)
    ADCFinish_Flag                           0x200000a4   Data           1  adc_dma.o(.bss.ADCFinish_Flag)
    DAC_Config                               0x200000a8   Data           2  dac_dma.o(.bss.DAC_Config)
    Data_Ready_Flag_1                        0x200000aa   Data           1  message_uart.o(.bss.Data_Ready_Flag_1)
    adc_V                                    0x2000012c   Data        4096  adc_dma.o(.bss.adc_V)
    adc_value_buffer_u32                     0x2000112c   Data           4  main.o(.bss.adc_value_buffer_u32)
    adc_value_u32                            0x20002130   Data        4096  main.o(.bss.adc_value_u32)
    fftInstance                              0x20005130   Data          24  fft.o(.bss.fftInstance)
    fftinput                                 0x20005148   Data        4096  fft.o(.bss.fftinput)
    fftoutput                                0x20006148   Data        8192  fft.o(.bss.fftoutput)
    hadc1                                    0x20008148   Data          72  adc.o(.bss.hadc1)
    hadc2                                    0x20008190   Data          72  adc.o(.bss.hadc2)
    hadc3                                    0x200081d8   Data          72  adc.o(.bss.hadc3)
    hdac                                     0x20008220   Data          20  dac.o(.bss.hdac)
    hdma_adc1                                0x20008234   Data          96  adc.o(.bss.hdma_adc1)
    hdma_dac1                                0x20008294   Data          96  dac.o(.bss.hdma_dac1)
    hdma_usart1_rx                           0x200082f4   Data          96  usart.o(.bss.hdma_usart1_rx)
    htim2                                    0x20008354   Data          72  tim.o(.bss.htim2)
    htim3                                    0x2000839c   Data          72  tim.o(.bss.htim3)
    htim5                                    0x200083e4   Data          72  tim.o(.bss.htim5)
    htim8                                    0x2000842c   Data          72  tim.o(.bss.htim8)
    huart1                                   0x20008474   Data          72  usart.o(.bss.huart1)
    output                                   0x20008a5c   Data        2052  fft.o(.bss.output)
    uwTick                                   0x20009260   Data           4  stm32f4xx_hal.o(.bss.uwTick)
    __initial_sp                             0x2000b268   Data           0  startup_stm32f407xx.o(STACK)



==============================================================================

Memory Map of the image

  Image Entry point : 0x08000189

  Load Region LR_IROM1 (Base: 0x08000000, Size: 0x00026390, Max: 0x00080000, ABSOLUTE)

    Execution Region ER_IROM1 (Exec base: 0x08000000, Load base: 0x08000000, Size: 0x0002632c, Max: 0x00080000, ABSOLUTE)

    Exec Addr    Load Addr    Size         Type   Attr      Idx    E Section Name        Object

    0x08000000   0x08000000   0x00000188   Data   RO            3    RESET               startup_stm32f407xx.o
    0x08000188   0x08000188   0x00000000   Code   RO         1695  * .ARM.Collect$$$$00000000  mc_w.l(entry.o)
    0x08000188   0x08000188   0x00000004   Code   RO         1971    .ARM.Collect$$$$00000001  mc_w.l(entry2.o)
    0x0800018c   0x0800018c   0x00000004   Code   RO         1974    .ARM.Collect$$$$00000004  mc_w.l(entry5.o)
    0x08000190   0x08000190   0x00000000   Code   RO         1976    .ARM.Collect$$$$00000008  mc_w.l(entry7b.o)
    0x08000190   0x08000190   0x00000000   Code   RO         1978    .ARM.Collect$$$$0000000A  mc_w.l(entry8b.o)
    0x08000190   0x08000190   0x00000008   Code   RO         1979    .ARM.Collect$$$$0000000B  mc_w.l(entry9a.o)
    0x08000198   0x08000198   0x00000000   Code   RO         1981    .ARM.Collect$$$$0000000D  mc_w.l(entry10a.o)
    0x08000198   0x08000198   0x00000000   Code   RO         1983    .ARM.Collect$$$$0000000F  mc_w.l(entry11a.o)
    0x08000198   0x08000198   0x00000004   Code   RO         1972    .ARM.Collect$$$$00002712  mc_w.l(entry2.o)
    0x0800019c   0x0800019c   0x00000024   Code   RO            4    .text               startup_stm32f407xx.o
    0x080001c0   0x080001c0   0x00000062   Code   RO         1700    .text               mc_w.l(uldiv.o)
    0x08000222   0x08000222   0x00000024   Code   RO         1702    .text               mc_w.l(memcpya.o)
    0x08000246   0x08000246   0x00000024   Code   RO         1704    .text               mc_w.l(memseta.o)
    0x0800026a   0x0800026a   0x0000002c   Code   RO         1995    .text               mc_w.l(uidiv.o)
    0x08000296   0x08000296   0x0000001e   Code   RO         1997    .text               mc_w.l(llshl.o)
    0x080002b4   0x080002b4   0x00000020   Code   RO         1999    .text               mc_w.l(llushr.o)
    0x080002d4   0x080002d4   0x00000000   Code   RO         2008    .text               mc_w.l(iusefp.o)
    0x080002d4   0x080002d4   0x00000030   Code   RO         2019    .text               mc_w.l(init.o)
    0x08000304   0x08000304   0x000001e8   Code   RO         1237    .text.ADC_Change_Fs  adc_dma.o
    0x080004ec   0x080004ec   0x0000006e   Code   RO          207    .text.ADC_DMAConvCplt  stm32f4xx_hal_adc.o
    0x0800055a   0x0800055a   0x00000002   PAD
    0x0800055c   0x0800055c   0x00000012   Code   RO          211    .text.ADC_DMAError  stm32f4xx_hal_adc.o
    0x0800056e   0x0800056e   0x00000002   PAD
    0x08000570   0x08000570   0x00000006   Code   RO          209    .text.ADC_DMAHalfConvCplt  stm32f4xx_hal_adc.o
    0x08000576   0x08000576   0x00000002   PAD
    0x08000578   0x08000578   0x000000a8   Code   RO         1227    .text.ADC_DMA_Start  adc_dma.o
    0x08000620   0x08000620   0x00000148   Code   RO         1245    .text.ADC_DataHandle  adc_dma.o
    0x08000768   0x08000768   0x000000aa   Code   RO         1235    .text.ADC_MultiModeBufferConvert  adc_dma.o
    0x08000812   0x08000812   0x00000002   PAD
    0x08000814   0x08000814   0x00000066   Code   RO          249    .text.ADC_MultiModeDMAConvCplt  stm32f4xx_hal_adc_ex.o
    0x0800087a   0x0800087a   0x00000002   PAD
    0x0800087c   0x0800087c   0x00000012   Code   RO          253    .text.ADC_MultiModeDMAError  stm32f4xx_hal_adc_ex.o
    0x0800088e   0x0800088e   0x00000002   PAD
    0x08000890   0x08000890   0x00000006   Code   RO          251    .text.ADC_MultiModeDMAHalfConvCplt  stm32f4xx_hal_adc_ex.o
    0x08000896   0x08000896   0x00000002   PAD
    0x08000898   0x08000898   0x0000001e   Code   RO         1231    .text.ADC_ReadData_u32  adc_dma.o
    0x080008b6   0x080008b6   0x00000002   PAD
    0x080008b8   0x080008b8   0x00000074   Code   RO         1233    .text.ADC_Restart   adc_dma.o
    0x0800092c   0x0800092c   0x00000208   Code   RO         1247    .text.Auto_Measure  adc_dma.o
    0x08000b34   0x08000b34   0x00000002   Code   RO          140    .text.BusFault_Handler  stm32f4xx_it.o
    0x08000b36   0x08000b36   0x00000002   PAD
    0x08000b38   0x08000b38   0x00000052   Code   RO         1325    .text.ConfigAndData_Init  config.o
    0x08000b8a   0x08000b8a   0x00000002   PAD
    0x08000b8c   0x08000b8c   0x0000001a   Code   RO         1327    .text.Config_Update  config.o
    0x08000ba6   0x08000ba6   0x00000002   PAD
    0x08000ba8   0x08000ba8   0x00000010   Code   RO          673    .text.DAC_DMAConvCpltCh1  stm32f4xx_hal_dac.o
    0x08000bb8   0x08000bb8   0x00000010   Code   RO          729    .text.DAC_DMAConvCpltCh2  stm32f4xx_hal_dac_ex.o
    0x08000bc8   0x08000bc8   0x00000018   Code   RO          677    .text.DAC_DMAErrorCh1  stm32f4xx_hal_dac.o
    0x08000be0   0x08000be0   0x00000018   Code   RO          733    .text.DAC_DMAErrorCh2  stm32f4xx_hal_dac_ex.o
    0x08000bf8   0x08000bf8   0x00000006   Code   RO          675    .text.DAC_DMAHalfConvCpltCh1  stm32f4xx_hal_dac.o
    0x08000bfe   0x08000bfe   0x00000002   PAD
    0x08000c00   0x08000c00   0x00000006   Code   RO          731    .text.DAC_DMAHalfConvCpltCh2  stm32f4xx_hal_dac_ex.o
    0x08000c06   0x08000c06   0x00000002   PAD
    0x08000c08   0x08000c08   0x000000e4   Code   RO         1299    .text.DAC_DMA_ChangeOut  dac_dma.o
    0x08000cec   0x08000cec   0x000000b8   Code   RO         1293    .text.DAC_DMA_Init  dac_dma.o
    0x08000da4   0x08000da4   0x0000003c   Code   RO         1295    .text.DAC_DMA_Start  dac_dma.o
    0x08000de0   0x08000de0   0x0000000e   Code   RO         1297    .text.DAC_DMA_Stop  dac_dma.o
    0x08000dee   0x08000dee   0x00000002   PAD
    0x08000df0   0x08000df0   0x0000000c   Code   RO          152    .text.DMA1_Stream5_IRQHandler  stm32f4xx_it.o
    0x08000dfc   0x08000dfc   0x0000000c   Code   RO          158    .text.DMA2_Stream0_IRQHandler  stm32f4xx_it.o
    0x08000e08   0x08000e08   0x0000000c   Code   RO          160    .text.DMA2_Stream2_IRQHandler  stm32f4xx_it.o
    0x08000e14   0x08000e14   0x00000002   Code   RO          146    .text.DebugMon_Handler  stm32f4xx_it.o
    0x08000e16   0x08000e16   0x00000002   PAD
    0x08000e18   0x08000e18   0x00000006   Code   RO           17    .text.Error_Handler  main.o
    0x08000e1e   0x08000e1e   0x00000002   PAD
    0x08000e20   0x08000e20   0x0000025c   Code   RO         1358    .text.FFT_App       fft.o
    0x0800107c   0x0800107c   0x00000010   Code   RO         1354    .text.FFT_Init      fft.o
    0x0800108c   0x0800108c   0x00000194   Code   RO         1241    .text.Filter_IIR    adc_dma.o
    0x08001220   0x08001220   0x00000058   Code   RO         1343    .text.Fre_Measure_Get_Fre  fre_measure.o
    0x08001278   0x08001278   0x0000001e   Code   RO         1339    .text.Fre_Measure_Init  fre_measure.o
    0x08001296   0x08001296   0x00000002   PAD
    0x08001298   0x08001298   0x00000b3c   Code   RO         1285    .text.GenSawTable   dac_dma.o
    0x08001dd4   0x08001dd4   0x00000330   Code   RO         1281    .text.GenSquareTable  dac_dma.o
    0x08002104   0x08002104   0x00000264   Code   RO         1291    .text.GenWaveform   dac_dma.o
    0x08002368   0x08002368   0x00000058   Code   RO          263    .text.HAL_ADCEx_MultiModeConfigChannel  stm32f4xx_hal_adc_ex.o
    0x080023c0   0x080023c0   0x00000146   Code   RO          247    .text.HAL_ADCEx_MultiModeStart_DMA  stm32f4xx_hal_adc_ex.o
    0x08002506   0x08002506   0x00000002   PAD
    0x08002508   0x08002508   0x0000006a   Code   RO          255    .text.HAL_ADCEx_MultiModeStop_DMA  stm32f4xx_hal_adc_ex.o
    0x08002572   0x08002572   0x00000002   PAD
    0x08002574   0x08002574   0x0000013c   Code   RO          219    .text.HAL_ADC_ConfigChannel  stm32f4xx_hal_adc.o
    0x080026b0   0x080026b0   0x0000001e   Code   RO         1229    .text.HAL_ADC_ConvCpltCallback  adc_dma.o
    0x080026ce   0x080026ce   0x00000002   PAD
    0x080026d0   0x080026d0   0x00000002   Code   RO          217    .text.HAL_ADC_ConvHalfCpltCallback  stm32f4xx_hal_adc.o
    0x080026d2   0x080026d2   0x00000002   PAD
    0x080026d4   0x080026d4   0x0000003e   Code   RO          181    .text.HAL_ADC_DeInit  stm32f4xx_hal_adc.o
    0x08002712   0x08002712   0x00000002   PAD
    0x08002714   0x08002714   0x00000002   Code   RO          203    .text.HAL_ADC_ErrorCallback  stm32f4xx_hal_adc.o
    0x08002716   0x08002716   0x00000002   PAD
    0x08002718   0x08002718   0x0000015c   Code   RO          177    .text.HAL_ADC_Init  stm32f4xx_hal_adc.o
    0x08002874   0x08002874   0x00000080   Code   RO           49    .text.HAL_ADC_MspDeInit  adc.o
    0x080028f4   0x080028f4   0x00000152   Code   RO           47    .text.HAL_ADC_MspInit  adc.o
    0x08002a46   0x08002a46   0x00000002   PAD
    0x08002a48   0x08002a48   0x0000015a   Code   RO          185    .text.HAL_ADC_Start  stm32f4xx_hal_adc.o
    0x08002ba2   0x08002ba2   0x00000002   PAD
    0x08002ba4   0x08002ba4   0x000001a0   Code   RO          205    .text.HAL_ADC_Start_DMA  stm32f4xx_hal_adc.o
    0x08002d44   0x08002d44   0x00000032   Code   RO          187    .text.HAL_ADC_Stop  stm32f4xx_hal_adc.o
    0x08002d76   0x08002d76   0x00000002   PAD
    0x08002d78   0x08002d78   0x0000007e   Code   RO          213    .text.HAL_ADC_Stop_DMA  stm32f4xx_hal_adc.o
    0x08002df6   0x08002df6   0x00000002   PAD
    0x08002df8   0x08002df8   0x00000002   Code   RO          719    .text.HAL_DACEx_ConvCpltCallbackCh2  stm32f4xx_hal_dac_ex.o
    0x08002dfa   0x08002dfa   0x00000002   PAD
    0x08002dfc   0x08002dfc   0x00000002   Code   RO          721    .text.HAL_DACEx_ConvHalfCpltCallbackCh2  stm32f4xx_hal_dac_ex.o
    0x08002dfe   0x08002dfe   0x00000002   PAD
    0x08002e00   0x08002e00   0x00000002   Code   RO          723    .text.HAL_DACEx_ErrorCallbackCh2  stm32f4xx_hal_dac_ex.o
    0x08002e02   0x08002e02   0x00000002   PAD
    0x08002e04   0x08002e04   0x00000060   Code   RO          695    .text.HAL_DAC_ConfigChannel  stm32f4xx_hal_dac.o
    0x08002e64   0x08002e64   0x00000002   Code   RO          687    .text.HAL_DAC_ConvCpltCallbackCh1  stm32f4xx_hal_dac.o
    0x08002e66   0x08002e66   0x00000002   PAD
    0x08002e68   0x08002e68   0x00000002   Code   RO          689    .text.HAL_DAC_ConvHalfCpltCallbackCh1  stm32f4xx_hal_dac.o
    0x08002e6a   0x08002e6a   0x00000002   PAD
    0x08002e6c   0x08002e6c   0x00000002   Code   RO          691    .text.HAL_DAC_ErrorCallbackCh1  stm32f4xx_hal_dac.o
    0x08002e6e   0x08002e6e   0x00000002   PAD
    0x08002e70   0x08002e70   0x0000002e   Code   RO          659    .text.HAL_DAC_Init  stm32f4xx_hal_dac.o
    0x08002e9e   0x08002e9e   0x00000002   PAD
    0x08002ea0   0x08002ea0   0x000000ba   Code   RO           65    .text.HAL_DAC_MspInit  dac.o
    0x08002f5a   0x08002f5a   0x00000002   PAD
    0x08002f5c   0x08002f5c   0x000000f0   Code   RO          671    .text.HAL_DAC_Start_DMA  stm32f4xx_hal_dac.o
    0x0800304c   0x0800304c   0x0000005a   Code   RO          679    .text.HAL_DAC_Stop_DMA  stm32f4xx_hal_dac.o
    0x080030a6   0x080030a6   0x00000002   PAD
    0x080030a8   0x080030a8   0x0000008e   Code   RO          430    .text.HAL_DMA_Abort  stm32f4xx_hal_dma.o
    0x08003136   0x08003136   0x00000002   PAD
    0x08003138   0x08003138   0x00000024   Code   RO          432    .text.HAL_DMA_Abort_IT  stm32f4xx_hal_dma.o
    0x0800315c   0x0800315c   0x00000088   Code   RO          424    .text.HAL_DMA_DeInit  stm32f4xx_hal_dma.o
    0x080031e4   0x080031e4   0x000001c4   Code   RO          436    .text.HAL_DMA_IRQHandler  stm32f4xx_hal_dma.o
    0x080033a8   0x080033a8   0x00000162   Code   RO          422    .text.HAL_DMA_Init  stm32f4xx_hal_dma.o
    0x0800350a   0x0800350a   0x00000002   PAD
    0x0800350c   0x0800350c   0x000000a2   Code   RO          428    .text.HAL_DMA_Start_IT  stm32f4xx_hal_dma.o
    0x080035ae   0x080035ae   0x00000002   PAD
    0x080035b0   0x080035b0   0x00000028   Code   RO          589    .text.HAL_Delay     stm32f4xx_hal.o
    0x080035d8   0x080035d8   0x000001d2   Code   RO          386    .text.HAL_GPIO_DeInit  stm32f4xx_hal_gpio.o
    0x080037aa   0x080037aa   0x00000002   PAD
    0x080037ac   0x080037ac   0x0000019e   Code   RO          384    .text.HAL_GPIO_Init  stm32f4xx_hal_gpio.o
    0x0800394a   0x0800394a   0x00000002   PAD
    0x0800394c   0x0800394c   0x0000000a   Code   RO          390    .text.HAL_GPIO_WritePin  stm32f4xx_hal_gpio.o
    0x08003956   0x08003956   0x00000002   PAD
    0x08003958   0x08003958   0x0000000c   Code   RO          581    .text.HAL_GetTick   stm32f4xx_hal.o
    0x08003964   0x08003964   0x0000001a   Code   RO          579    .text.HAL_IncTick   stm32f4xx_hal.o
    0x0800397e   0x0800397e   0x00000002   PAD
    0x08003980   0x08003980   0x00000036   Code   RO          569    .text.HAL_Init      stm32f4xx_hal.o
    0x080039b6   0x080039b6   0x00000002   PAD
    0x080039b8   0x080039b8   0x00000048   Code   RO          571    .text.HAL_InitTick  stm32f4xx_hal.o
    0x08003a00   0x08003a00   0x00000038   Code   RO          169    .text.HAL_MspInit   stm32f4xx_hal_msp.o
    0x08003a38   0x08003a38   0x00000022   Code   RO          521    .text.HAL_NVIC_EnableIRQ  stm32f4xx_hal_cortex.o
    0x08003a5a   0x08003a5a   0x00000002   PAD
    0x08003a5c   0x08003a5c   0x00000056   Code   RO          519    .text.HAL_NVIC_SetPriority  stm32f4xx_hal_cortex.o
    0x08003ab2   0x08003ab2   0x00000002   PAD
    0x08003ab4   0x08003ab4   0x00000020   Code   RO          517    .text.HAL_NVIC_SetPriorityGrouping  stm32f4xx_hal_cortex.o
    0x08003ad4   0x08003ad4   0x00000164   Code   RO          278    .text.HAL_RCC_ClockConfig  stm32f4xx_hal_rcc.o
    0x08003c38   0x08003c38   0x00000026   Code   RO          290    .text.HAL_RCC_GetPCLK1Freq  stm32f4xx_hal_rcc.o
    0x08003c5e   0x08003c5e   0x00000002   PAD
    0x08003c60   0x08003c60   0x00000026   Code   RO          292    .text.HAL_RCC_GetPCLK2Freq  stm32f4xx_hal_rcc.o
    0x08003c86   0x08003c86   0x00000002   PAD
    0x08003c88   0x08003c88   0x00000070   Code   RO          280    .text.HAL_RCC_GetSysClockFreq  stm32f4xx_hal_rcc.o
    0x08003cf8   0x08003cf8   0x000003ac   Code   RO          276    .text.HAL_RCC_OscConfig  stm32f4xx_hal_rcc.o
    0x080040a4   0x080040a4   0x0000002c   Code   RO          529    .text.HAL_SYSTICK_Config  stm32f4xx_hal_cortex.o
    0x080040d0   0x080040d0   0x00000002   Code   RO         1048    .text.HAL_TIMEx_BreakCallback  stm32f4xx_hal_tim_ex.o
    0x080040d2   0x080040d2   0x00000002   PAD
    0x080040d4   0x080040d4   0x00000002   Code   RO         1044    .text.HAL_TIMEx_CommutCallback  stm32f4xx_hal_tim_ex.o
    0x080040d6   0x080040d6   0x00000002   PAD
    0x080040d8   0x080040d8   0x000000ba   Code   RO         1038    .text.HAL_TIMEx_MasterConfigSynchronization  stm32f4xx_hal_tim_ex.o
    0x08004192   0x08004192   0x00000002   PAD
    0x08004194   0x08004194   0x0000005a   Code   RO          743    .text.HAL_TIM_Base_Init  stm32f4xx_hal_tim.o
    0x080041ee   0x080041ee   0x00000002   PAD
    0x080041f0   0x080041f0   0x000000d4   Code   RO           98    .text.HAL_TIM_Base_MspInit  tim.o
    0x080042c4   0x080042c4   0x000000a2   Code   RO          753    .text.HAL_TIM_Base_Start  stm32f4xx_hal_tim.o
    0x08004366   0x08004366   0x00000002   PAD
    0x08004368   0x08004368   0x00000034   Code   RO          755    .text.HAL_TIM_Base_Stop  stm32f4xx_hal_tim.o
    0x0800439c   0x0800439c   0x000001a0   Code   RO          923    .text.HAL_TIM_ConfigClockSource  stm32f4xx_hal_tim.o
    0x0800453c   0x0800453c   0x0000004e   Code   RO         1341    .text.HAL_TIM_IC_CaptureCallback  fre_measure.o
    0x0800458a   0x0800458a   0x00000002   PAD
    0x0800458c   0x0800458c   0x000001c6   Code   RO          893    .text.HAL_TIM_IC_ConfigChannel  stm32f4xx_hal_tim.o
    0x08004752   0x08004752   0x00000002   PAD
    0x08004754   0x08004754   0x0000005a   Code   RO          817    .text.HAL_TIM_IC_Init  stm32f4xx_hal_tim.o
    0x080047ae   0x080047ae   0x00000002   PAD
    0x080047b0   0x080047b0   0x00000002   Code   RO          819    .text.HAL_TIM_IC_MspInit  stm32f4xx_hal_tim.o
    0x080047b2   0x080047b2   0x00000002   PAD
    0x080047b4   0x080047b4   0x00000162   Code   RO          829    .text.HAL_TIM_IC_Start_IT  stm32f4xx_hal_tim.o
    0x08004916   0x08004916   0x00000002   PAD
    0x08004918   0x08004918   0x0000014e   Code   RO          877    .text.HAL_TIM_IRQHandler  stm32f4xx_hal_tim.o
    0x08004a66   0x08004a66   0x00000002   PAD
    0x08004a68   0x08004a68   0x00000002   Code   RO          881    .text.HAL_TIM_OC_DelayElapsedCallback  stm32f4xx_hal_tim.o
    0x08004a6a   0x08004a6a   0x00000002   PAD
    0x08004a6c   0x08004a6c   0x00000220   Code   RO          897    .text.HAL_TIM_PWM_ConfigChannel  stm32f4xx_hal_tim.o
    0x08004c8c   0x08004c8c   0x0000005a   Code   RO          797    .text.HAL_TIM_PWM_Init  stm32f4xx_hal_tim.o
    0x08004ce6   0x08004ce6   0x00000002   PAD
    0x08004ce8   0x08004ce8   0x00000034   Code   RO          100    .text.HAL_TIM_PWM_MspInit  tim.o
    0x08004d1c   0x08004d1c   0x00000002   Code   RO          883    .text.HAL_TIM_PWM_PulseFinishedCallback  stm32f4xx_hal_tim.o
    0x08004d1e   0x08004d1e   0x00000002   PAD
    0x08004d20   0x08004d20   0x00000002   Code   RO          885    .text.HAL_TIM_PeriodElapsedCallback  stm32f4xx_hal_tim.o
    0x08004d22   0x08004d22   0x00000002   PAD
    0x08004d24   0x08004d24   0x00000016   Code   RO          933    .text.HAL_TIM_ReadCapturedValue  stm32f4xx_hal_tim.o
    0x08004d3a   0x08004d3a   0x00000002   PAD
    0x08004d3c   0x08004d3c   0x00000058   Code   RO          927    .text.HAL_TIM_SlaveConfigSynchro  stm32f4xx_hal_tim.o
    0x08004d94   0x08004d94   0x00000002   Code   RO          887    .text.HAL_TIM_TriggerCallback  stm32f4xx_hal_tim.o
    0x08004d96   0x08004d96   0x00000002   PAD
    0x08004d98   0x08004d98   0x000001ee   Code   RO         1110    .text.HAL_UARTEx_ReceiveToIdle_DMA  stm32f4xx_hal_uart.o
    0x08004f86   0x08004f86   0x00000002   PAD
    0x08004f88   0x08004f88   0x00000052   Code   RO         1201    .text.HAL_UARTEx_RxEventCallback  message_uart.o
    0x08004fda   0x08004fda   0x00000002   PAD
    0x08004fdc   0x08004fdc   0x0000002c   Code   RO         1213    .text.HAL_UART_ErrorCallback  message_uart.o
    0x08005008   0x08005008   0x00000594   Code   RO         1140    .text.HAL_UART_IRQHandler  stm32f4xx_hal_uart.o
    0x0800559c   0x0800559c   0x00000060   Code   RO         1062    .text.HAL_UART_Init  stm32f4xx_hal_uart.o
    0x080055fc   0x080055fc   0x000000c2   Code   RO          120    .text.HAL_UART_MspInit  usart.o
    0x080056be   0x080056be   0x00000002   PAD
    0x080056c0   0x080056c0   0x00000002   Code   RO         1154    .text.HAL_UART_RxCpltCallback  stm32f4xx_hal_uart.o
    0x080056c2   0x080056c2   0x00000002   PAD
    0x080056c4   0x080056c4   0x00000002   Code   RO         1156    .text.HAL_UART_RxHalfCpltCallback  stm32f4xx_hal_uart.o
    0x080056c6   0x080056c6   0x00000002   PAD
    0x080056c8   0x080056c8   0x00000192   Code   RO         1078    .text.HAL_UART_Transmit  stm32f4xx_hal_uart.o
    0x0800585a   0x0800585a   0x00000002   PAD
    0x0800585c   0x0800585c   0x00000002   Code   RO         1150    .text.HAL_UART_TxCpltCallback  stm32f4xx_hal_uart.o
    0x0800585e   0x0800585e   0x00000002   PAD
    0x08005860   0x08005860   0x00000274   Code   RO         1268    .text.HMI_ReceiveHandle  hmi.o
    0x08005ad4   0x08005ad4   0x000000e0   Code   RO         1266    .text.HMI_SeedFrame_FFT  hmi.o
    0x08005bb4   0x08005bb4   0x000000f8   Code   RO         1264    .text.HMI_SeedFrame_MeasureData  hmi.o
    0x08005cac   0x08005cac   0x00000056   Code   RO         1262    .text.HMI_SeedFrame_Wave  hmi.o
    0x08005d02   0x08005d02   0x00000002   PAD
    0x08005d04   0x08005d04   0x00000002   Code   RO          136    .text.HardFault_Handler  stm32f4xx_it.o
    0x08005d06   0x08005d06   0x00000002   PAD
    0x08005d08   0x08005d08   0x0000006a   Code   RO           41    .text.MX_ADC1_Init  adc.o
    0x08005d72   0x08005d72   0x00000002   PAD
    0x08005d74   0x08005d74   0x00000068   Code   RO           43    .text.MX_ADC2_Init  adc.o
    0x08005ddc   0x08005ddc   0x00000068   Code   RO           45    .text.MX_ADC3_Init  adc.o
    0x08005e44   0x08005e44   0x00000046   Code   RO           63    .text.MX_DAC_Init   dac.o
    0x08005e8a   0x08005e8a   0x00000002   PAD
    0x08005e8c   0x08005e8c   0x0000006c   Code   RO           79    .text.MX_DMA_Init   dma.o
    0x08005ef8   0x08005ef8   0x00000092   Code   RO           32    .text.MX_GPIO_Init  gpio.o
    0x08005f8a   0x08005f8a   0x00000002   PAD
    0x08005f8c   0x08005f8c   0x00000070   Code   RO           88    .text.MX_TIM2_Init  tim.o
    0x08005ffc   0x08005ffc   0x000000ce   Code   RO           90    .text.MX_TIM3_Init  tim.o
    0x080060ca   0x080060ca   0x00000002   PAD
    0x080060cc   0x080060cc   0x00000104   Code   RO           94    .text.MX_TIM5_Init  tim.o
    0x080061d0   0x080061d0   0x0000007e   Code   RO           96    .text.MX_TIM8_Init  tim.o
    0x0800624e   0x0800624e   0x00000002   PAD
    0x08006250   0x08006250   0x0000003c   Code   RO          118    .text.MX_USART1_UART_Init  usart.o
    0x0800628c   0x0800628c   0x00000002   Code   RO          138    .text.MemManage_Handler  stm32f4xx_it.o
    0x0800628e   0x0800628e   0x00000002   PAD
    0x08006290   0x08006290   0x00000002   Code   RO          134    .text.NMI_Handler   stm32f4xx_it.o
    0x08006292   0x08006292   0x00000002   PAD
    0x08006294   0x08006294   0x00000002   Code   RO          148    .text.PendSV_Handler  stm32f4xx_it.o
    0x08006296   0x08006296   0x00000002   PAD
    0x08006298   0x08006298   0x00000002   Code   RO          144    .text.SVC_Handler   stm32f4xx_it.o
    0x0800629a   0x0800629a   0x00000002   PAD
    0x0800629c   0x0800629c   0x000002f0   Code   RO         1243    .text.Scale_X_Axis  adc_dma.o
    0x0800658c   0x0800658c   0x00000004   Code   RO          150    .text.SysTick_Handler  stm32f4xx_it.o
    0x08006590   0x08006590   0x000000a8   Code   RO           15    .text.SystemClock_Config  main.o
    0x08006638   0x08006638   0x00000012   Code   RO         1184    .text.SystemInit    system_stm32f4xx.o
    0x0800664a   0x0800664a   0x00000002   PAD
    0x0800664c   0x0800664c   0x0000000c   Code   RO          156    .text.TIM5_IRQHandler  stm32f4xx_it.o
    0x08006658   0x08006658   0x0000013a   Code   RO          747    .text.TIM_Base_SetConfig  stm32f4xx_hal_tim.o
    0x08006792   0x08006792   0x00000002   PAD
    0x08006794   0x08006794   0x000000fa   Code   RO          929    .text.TIM_SlaveTimer_SetConfig  stm32f4xx_hal_tim.o
    0x0800688e   0x0800688e   0x00000002   PAD
    0x08006890   0x08006890   0x0000000a   Code   RO         1144    .text.UART_DMAAbortOnError  stm32f4xx_hal_uart.o
    0x0800689a   0x0800689a   0x00000002   PAD
    0x0800689c   0x0800689c   0x0000017c   Code   RO         1094    .text.UART_DMAError  stm32f4xx_hal_uart.o
    0x08006a18   0x08006a18   0x0000015e   Code   RO         1172    .text.UART_DMAReceiveCplt  stm32f4xx_hal_uart.o
    0x08006b76   0x08006b76   0x00000002   PAD
    0x08006b78   0x08006b78   0x00000018   Code   RO         1174    .text.UART_DMARxHalfCplt  stm32f4xx_hal_uart.o
    0x08006b90   0x08006b90   0x000000fe   Code   RO         1142    .text.UART_Receive_IT  stm32f4xx_hal_uart.o
    0x08006c8e   0x08006c8e   0x00000002   PAD
    0x08006c90   0x08006c90   0x000000e6   Code   RO         1066    .text.UART_SetConfig  stm32f4xx_hal_uart.o
    0x08006d76   0x08006d76   0x00000002   PAD
    0x08006d78   0x08006d78   0x0000000c   Code   RO          154    .text.USART1_IRQHandler  stm32f4xx_it.o
    0x08006d84   0x08006d84   0x00000002   Code   RO          142    .text.UsageFault_Handler  stm32f4xx_it.o
    0x08006d86   0x08006d86   0x00000002   PAD
    0x08006d88   0x08006d88   0x00000044   Code   RO         1594    .text.arm_bitreversal_32  arm_cortexM4lf_math.lib(arm_bitreversal2.o)
    0x08006dcc   0x08006dcc   0x000000e0   Code   RO         1453    .text.arm_cfft_f32  arm_cortexM4lf_math.lib(arm_cfft_f32.o)
    0x08006eac   0x08006eac   0x000000b4   Code   RO         1463    .text.arm_cfft_init_f32  arm_cortexM4lf_math.lib(arm_cfft_init_f32.o)
    0x08006f60   0x08006f60   0x00000198   Code   RO         1449    .text.arm_cfft_radix8by2_f32  arm_cortexM4lf_math.lib(arm_cfft_f32.o)
    0x080070f8   0x080070f8   0x000003fc   Code   RO         1451    .text.arm_cfft_radix8by4_f32  arm_cortexM4lf_math.lib(arm_cfft_f32.o)
    0x080074f4   0x080074f4   0x00000154   Code   RO         1381    .text.arm_cmplx_mag_f32  arm_cortexM4lf_math.lib(arm_cmplx_mag_f32.o)
    0x08007648   0x08007648   0x000000bc   Code   RO         1431    .text.arm_max_f32   arm_cortexM4lf_math.lib(arm_max_f32.o)
    0x08007704   0x08007704   0x000000bc   Code   RO         1440    .text.arm_min_f32   arm_cortexM4lf_math.lib(arm_min_f32.o)
    0x080077c0   0x080077c0   0x000005b2   Code   RO         1606    .text.arm_radix8_butterfly_f32  arm_cortexM4lf_math.lib(arm_cfft_radix8_f32.o)
    0x08007d72   0x08007d72   0x0000002a   Code   RO         1411    .text.arm_rfft_1024_fast_init_f32  arm_cortexM4lf_math.lib(arm_rfft_fast_init_f32.o)
    0x08007d9c   0x08007d9c   0x00000026   Code   RO         1417    .text.arm_rfft_128_fast_init_f32  arm_cortexM4lf_math.lib(arm_rfft_fast_init_f32.o)
    0x08007dc2   0x08007dc2   0x0000002a   Code   RO         1409    .text.arm_rfft_2048_fast_init_f32  arm_cortexM4lf_math.lib(arm_rfft_fast_init_f32.o)
    0x08007dec   0x08007dec   0x00000028   Code   RO         1415    .text.arm_rfft_256_fast_init_f32  arm_cortexM4lf_math.lib(arm_rfft_fast_init_f32.o)
    0x08007e14   0x08007e14   0x00000026   Code   RO         1421    .text.arm_rfft_32_fast_init_f32  arm_cortexM4lf_math.lib(arm_rfft_fast_init_f32.o)
    0x08007e3a   0x08007e3a   0x0000002a   Code   RO         1407    .text.arm_rfft_4096_fast_init_f32  arm_cortexM4lf_math.lib(arm_rfft_fast_init_f32.o)
    0x08007e64   0x08007e64   0x0000002a   Code   RO         1413    .text.arm_rfft_512_fast_init_f32  arm_cortexM4lf_math.lib(arm_rfft_fast_init_f32.o)
    0x08007e8e   0x08007e8e   0x00000026   Code   RO         1419    .text.arm_rfft_64_fast_init_f32  arm_cortexM4lf_math.lib(arm_rfft_fast_init_f32.o)
    0x08007eb4   0x08007eb4   0x00000046   Code   RO         1395    .text.arm_rfft_fast_f32  arm_cortexM4lf_math.lib(arm_rfft_fast_f32.o)
    0x08007efa   0x08007efa   0x00000090   Code   RO         1405    .text.arm_rfft_fast_init_f32  arm_cortexM4lf_math.lib(arm_rfft_fast_init_f32.o)
    0x08007f8a   0x08007f8a   0x00000002   PAD
    0x08007f8c   0x08007f8c   0x00000090   Code   RO         1372    .text.arm_sin_f32   arm_cortexM4lf_math.lib(arm_sin_f32.o)
    0x0800801c   0x0800801c   0x00000020   Code   RO           11    .text.fputc         main.o
    0x0800803c   0x0800803c   0x0000021c   Code   RO           13    .text.main          main.o
    0x08008258   0x08008258   0x000000b4   Code   RO         1393    .text.merge_rfft_f32  arm_cortexM4lf_math.lib(arm_rfft_fast_f32.o)
    0x0800830c   0x0800830c   0x0000003e   Code   RO         1203    .text.message_Read  message_uart.o
    0x0800834a   0x0800834a   0x00000002   PAD
    0x0800834c   0x0800834c   0x00000036   Code   RO         1199    .text.message_init  message_uart.o
    0x08008382   0x08008382   0x00000002   PAD
    0x08008384   0x08008384   0x000000b4   Code   RO         1391    .text.stage_rfft_f32  arm_cortexM4lf_math.lib(arm_rfft_fast_f32.o)
    0x08008438   0x08008438   0x00000020   Code   RO         1755    i.__0printf$1       mc_w.l(printf1.o)
    0x08008458   0x08008458   0x0000003a   Code   RO         1689    i.__hardfp_sqrtf    m_wm.l(sqrtf.o)
    0x08008492   0x08008492   0x0000000e   Code   RO         2027    i.__scatterload_copy  mc_w.l(handlers.o)
    0x080084a0   0x080084a0   0x00000002   Code   RO         2028    i.__scatterload_null  mc_w.l(handlers.o)
    0x080084a2   0x080084a2   0x0000000e   Code   RO         2029    i.__scatterload_zeroinit  mc_w.l(handlers.o)
    0x080084b0   0x080084b0   0x0000000c   Code   RO         2003    i.__set_errno       mc_w.l(errno.o)
    0x080084bc   0x080084bc   0x00000154   Code   RO         1762    i._printf_core      mc_w.l(printf1.o)
    0x08008610   0x08008610   0x0000000c   Code   RO         1698    i.putchar           mc_w.l(putchar.o)
    0x0800861c   0x0800861c   0x00000010   Data   RO         1189    .rodata.AHBPrescTable  system_stm32f4xx.o
    0x0800862c   0x0800862c   0x00000008   Data   RO         1190    .rodata.APBPrescTable  system_stm32f4xx.o
    0x08008634   0x08008634   0x00000e10   Data   RO         1524    .rodata.armBitRevIndexTable1024  arm_cortexM4lf_math.lib(arm_common_tables.o)
    0x08009444   0x08009444   0x000001a0   Data   RO         1521    .rodata.armBitRevIndexTable128  arm_cortexM4lf_math.lib(arm_common_tables.o)
    0x080095e4   0x080095e4   0x00000028   Data   RO         1518    .rodata.armBitRevIndexTable16  arm_cortexM4lf_math.lib(arm_common_tables.o)
    0x0800960c   0x0800960c   0x00001dc0   Data   RO         1525    .rodata.armBitRevIndexTable2048  arm_cortexM4lf_math.lib(arm_common_tables.o)
    0x0800b3cc   0x0800b3cc   0x00000370   Data   RO         1522    .rodata.armBitRevIndexTable256  arm_cortexM4lf_math.lib(arm_common_tables.o)
    0x0800b73c   0x0800b73c   0x00000060   Data   RO         1519    .rodata.armBitRevIndexTable32  arm_cortexM4lf_math.lib(arm_common_tables.o)
    0x0800b79c   0x0800b79c   0x00001f80   Data   RO         1526    .rodata.armBitRevIndexTable4096  arm_cortexM4lf_math.lib(arm_common_tables.o)
    0x0800d71c   0x0800d71c   0x00000380   Data   RO         1523    .rodata.armBitRevIndexTable512  arm_cortexM4lf_math.lib(arm_common_tables.o)
    0x0800da9c   0x0800da9c   0x00000070   Data   RO         1520    .rodata.armBitRevIndexTable64  arm_cortexM4lf_math.lib(arm_common_tables.o)
    0x0800db0c   0x0800db0c   0x00000010   Data   RO         1630    .rodata.arm_cfft_sR_f32_len1024  arm_cortexM4lf_math.lib(arm_const_structs.o)
    0x0800db1c   0x0800db1c   0x00000010   Data   RO         1627    .rodata.arm_cfft_sR_f32_len128  arm_cortexM4lf_math.lib(arm_const_structs.o)
    0x0800db2c   0x0800db2c   0x00000010   Data   RO         1624    .rodata.arm_cfft_sR_f32_len16  arm_cortexM4lf_math.lib(arm_const_structs.o)
    0x0800db3c   0x0800db3c   0x00000010   Data   RO         1631    .rodata.arm_cfft_sR_f32_len2048  arm_cortexM4lf_math.lib(arm_const_structs.o)
    0x0800db4c   0x0800db4c   0x00000010   Data   RO         1628    .rodata.arm_cfft_sR_f32_len256  arm_cortexM4lf_math.lib(arm_const_structs.o)
    0x0800db5c   0x0800db5c   0x00000010   Data   RO         1625    .rodata.arm_cfft_sR_f32_len32  arm_cortexM4lf_math.lib(arm_const_structs.o)
    0x0800db6c   0x0800db6c   0x00000010   Data   RO         1632    .rodata.arm_cfft_sR_f32_len4096  arm_cortexM4lf_math.lib(arm_const_structs.o)
    0x0800db7c   0x0800db7c   0x00000010   Data   RO         1629    .rodata.arm_cfft_sR_f32_len512  arm_cortexM4lf_math.lib(arm_const_structs.o)
    0x0800db8c   0x0800db8c   0x00000010   Data   RO         1626    .rodata.arm_cfft_sR_f32_len64  arm_cortexM4lf_math.lib(arm_const_structs.o)
    0x0800db9c   0x0800db9c   0x00000030   Data   RO          963    .rodata.cst16       stm32f4xx_hal_tim.o
    0x0800dbcc   0x0800dbcc   0x00000008   Data   RO          446    .rodata.cst8        stm32f4xx_hal_dma.o
    0x0800dbd4   0x0800dbd4   0x00000804   Data   RO         1584    .rodata.sinTable_f32  arm_cortexM4lf_math.lib(arm_common_tables.o)
    0x0800e3d8   0x0800e3d8   0x00000032   Data   RO         1270    .rodata.str1.1      hmi.o
    0x0800e40a   0x0800e40a   0x00000002   PAD
    0x0800e40c   0x0800e40c   0x00002000   Data   RO         1488    .rodata.twiddleCoef_1024  arm_cortexM4lf_math.lib(arm_common_tables.o)
    0x0801040c   0x0801040c   0x00000400   Data   RO         1485    .rodata.twiddleCoef_128  arm_cortexM4lf_math.lib(arm_common_tables.o)
    0x0801080c   0x0801080c   0x00000080   Data   RO         1482    .rodata.twiddleCoef_16  arm_cortexM4lf_math.lib(arm_common_tables.o)
    0x0801088c   0x0801088c   0x00004000   Data   RO         1489    .rodata.twiddleCoef_2048  arm_cortexM4lf_math.lib(arm_common_tables.o)
    0x0801488c   0x0801488c   0x00000800   Data   RO         1486    .rodata.twiddleCoef_256  arm_cortexM4lf_math.lib(arm_common_tables.o)
    0x0801508c   0x0801508c   0x00000100   Data   RO         1483    .rodata.twiddleCoef_32  arm_cortexM4lf_math.lib(arm_common_tables.o)
    0x0801518c   0x0801518c   0x00008000   Data   RO         1490    .rodata.twiddleCoef_4096  arm_cortexM4lf_math.lib(arm_common_tables.o)
    0x0801d18c   0x0801d18c   0x00001000   Data   RO         1487    .rodata.twiddleCoef_512  arm_cortexM4lf_math.lib(arm_common_tables.o)
    0x0801e18c   0x0801e18c   0x00000200   Data   RO         1484    .rodata.twiddleCoef_64  arm_cortexM4lf_math.lib(arm_common_tables.o)
    0x0801e38c   0x0801e38c   0x00001000   Data   RO         1549    .rodata.twiddleCoef_rfft_1024  arm_cortexM4lf_math.lib(arm_common_tables.o)
    0x0801f38c   0x0801f38c   0x00000200   Data   RO         1546    .rodata.twiddleCoef_rfft_128  arm_cortexM4lf_math.lib(arm_common_tables.o)
    0x0801f58c   0x0801f58c   0x00002000   Data   RO         1550    .rodata.twiddleCoef_rfft_2048  arm_cortexM4lf_math.lib(arm_common_tables.o)
    0x0802158c   0x0802158c   0x00000400   Data   RO         1547    .rodata.twiddleCoef_rfft_256  arm_cortexM4lf_math.lib(arm_common_tables.o)
    0x0802198c   0x0802198c   0x00000080   Data   RO         1544    .rodata.twiddleCoef_rfft_32  arm_cortexM4lf_math.lib(arm_common_tables.o)
    0x08021a0c   0x08021a0c   0x00004000   Data   RO         1551    .rodata.twiddleCoef_rfft_4096  arm_cortexM4lf_math.lib(arm_common_tables.o)
    0x08025a0c   0x08025a0c   0x00000800   Data   RO         1548    .rodata.twiddleCoef_rfft_512  arm_cortexM4lf_math.lib(arm_common_tables.o)
    0x0802620c   0x0802620c   0x00000100   Data   RO         1545    .rodata.twiddleCoef_rfft_64  arm_cortexM4lf_math.lib(arm_common_tables.o)
    0x0802630c   0x0802630c   0x00000020   Data   RO         2026    Region$$Table       anon$$obj.o


    Execution Region RW_IRAM1 (Exec base: 0x20000000, Load base: 0x08026330, Size: 0x0000b268, Max: 0x0001c000, ABSOLUTE)

    Exec Addr    Load Addr    Size         Type   Attr      Idx    E Section Name        Object

    0x20000000   0x08026330   0x00000004   Data   RW         1985    .data               mc_w.l(stdout.o)
    0x20000004   0x08026334   0x00000004   Data   RW         2004    .data               mc_w.l(errno.o)
    0x20000008   0x08026338   0x00000008   Data   RW          624    .data..L_MergedGlobals  stm32f4xx_hal.o
    0x20000010   0x08026340   0x00000018   Data   RW         1329    .data.OSC_Fs_Arr    config.o
    0x20000028   0x08026358   0x00000030   Data   RW         1330    .data.OSC_Fs_Arr_config  config.o
    0x20000058   0x08026388   0x00000004   Data   RW         1188    .data.SystemCoreClock  system_stm32f4xx.o
    0x2000005c   0x0802638c   0x00000004   PAD
    0x20000060        -       0x0000003c   Zero   RW         1331    .bss..L_MergedGlobals  config.o
    0x2000009c        -       0x00000008   Zero   RW         1345    .bss..L_MergedGlobals  fre_measure.o
    0x200000a4        -       0x00000001   Zero   RW         1249    .bss.ADCFinish_Flag  adc_dma.o
    0x200000a5        -       0x00000001   Zero   RW         1251    .bss.ADC_Change_Fs.Flag_7200000  adc_dma.o
    0x200000a6        -       0x00000001   Zero   RW         1253    .bss.Auto_Measure.state  adc_dma.o
    0x200000a7   0x0802638c   0x00000001   PAD
    0x200000a8        -       0x00000002   Zero   RW         1302    .bss.DAC_Config     dac_dma.o
    0x200000aa        -       0x00000001   Zero   RW         1217    .bss.Data_Ready_Flag_1  message_uart.o
    0x200000ab   0x0802638c   0x00000001   PAD
    0x200000ac        -       0x00000080   Zero   RW         1218    .bss.RxBuffer_1     message_uart.o
    0x2000012c        -       0x00001000   Zero   RW         1252    .bss.adc_V          adc_dma.o
    0x2000112c        -       0x00000004   Zero   RW           19    .bss.adc_value_buffer_u32  main.o
    0x20001130        -       0x00001000   Zero   RW         1250    .bss.adc_value_buffer_u32  adc_dma.o
    0x20002130        -       0x00001000   Zero   RW           20    .bss.adc_value_u32  main.o
    0x20003130        -       0x00001000   Zero   RW           21    .bss.adc_value_u32_HasFilter  main.o
    0x20004130        -       0x00001000   Zero   RW           22    .bss.adc_value_u32_HasScale  main.o
    0x20005130        -       0x00000018   Zero   RW         1360    .bss.fftInstance    fft.o
    0x20005148        -       0x00001000   Zero   RW         1362    .bss.fftinput       fft.o
    0x20006148        -       0x00002000   Zero   RW         1361    .bss.fftoutput      fft.o
    0x20008148        -       0x00000048   Zero   RW           51    .bss.hadc1          adc.o
    0x20008190        -       0x00000048   Zero   RW           52    .bss.hadc2          adc.o
    0x200081d8        -       0x00000048   Zero   RW           53    .bss.hadc3          adc.o
    0x20008220        -       0x00000014   Zero   RW           69    .bss.hdac           dac.o
    0x20008234        -       0x00000060   Zero   RW           54    .bss.hdma_adc1      adc.o
    0x20008294        -       0x00000060   Zero   RW           70    .bss.hdma_dac1      dac.o
    0x200082f4        -       0x00000060   Zero   RW          125    .bss.hdma_usart1_rx  usart.o
    0x20008354        -       0x00000048   Zero   RW          106    .bss.htim2          tim.o
    0x2000839c        -       0x00000048   Zero   RW          107    .bss.htim3          tim.o
    0x200083e4        -       0x00000048   Zero   RW          108    .bss.htim5          tim.o
    0x2000842c        -       0x00000048   Zero   RW          109    .bss.htim8          tim.o
    0x20008474        -       0x00000048   Zero   RW          124    .bss.huart1         usart.o
    0x200084bc        -       0x000005a0   Zero   RW         1301    .bss.out_table      dac_dma.o
    0x20008a5c        -       0x00000804   Zero   RW         1363    .bss.output         fft.o
    0x20009260        -       0x00000004   Zero   RW          623    .bss.uwTick         stm32f4xx_hal.o
    0x20009264   0x0802638c   0x00000004   PAD
    0x20009268        -       0x00002000   Zero   RW            1    STACK               startup_stm32f407xx.o


    Execution Region RW_IRAM2 (Exec base: 0x2001c000, Load base: 0x08026390, Size: 0x00000000, Max: 0x00004000, ABSOLUTE)

    **** No section assigned to this execution region ****


==============================================================================

Image component sizes


      Code (inc. data)   RO Data    RW Data    ZI Data      Debug   Object Name

       780          0          0          0        312       6274   adc.o
      3006         70          0          0       8195      11717   adc_dma.o
       108          0          0         72         60       1615   config.o
       256          0          0          0        116       4763   dac.o
      4790         84          0          0       1442      19159   dac_dma.o
       108          0          0          0          0       3507   dma.o
       620          4          0          0      14364       3362   fft.o
       196          4          0          0          8       4409   fre_measure.o
       146          0          0          0          0       2160   gpio.o
      1186        218         50          0          0       3393   hmi.o
       746          8          0          0      12292       4504   main.o
       242          0          0          0        129       5326   message_uart.o
        36          8        392          0       8192        820   startup_stm32f407xx.o
       204          0          0          8          4       7311   stm32f4xx_hal.o
      1802          0          0          0          0      12265   stm32f4xx_hal_adc.o
       646          0          0          0          0      10067   stm32f4xx_hal_adc_ex.o
       196          0          0          0          0      10729   stm32f4xx_hal_cortex.o
       524          0          0          0          0       7855   stm32f4xx_hal_dac.o
        52          0          0          0          0       5692   stm32f4xx_hal_dac_ex.o
      1282          6          8          0          0      10577   stm32f4xx_hal_dma.o
       890          0          0          0          0       5439   stm32f4xx_hal_gpio.o
        56          0          0          0          0       1458   stm32f4xx_hal_msp.o
      1484          4          0          0          0       7638   stm32f4xx_hal_rcc.o
      3270         20         48          0          0      58490   stm32f4xx_hal_tim.o
       190          0          0          0          0      21937   stm32f4xx_hal_tim_ex.o
      3674          0          0          0          0      32805   stm32f4xx_hal_uart.o
        80          0          0          0          0       6101   stm32f4xx_it.o
        18          0         24          4          0       2600   system_stm32f4xx.o
       968          0          0          0        288      10547   tim.o
       254          0          0          0        168       7056   usart.o

    ----------------------------------------------------------------------
     27996        426        556         84      45580     289576   Object Totals
         0          0         32          0          0          0   (incl. Generated)
       186          0          2          0         10          0   (incl. Padding)

    ----------------------------------------------------------------------

      Code (inc. data)   RO Data    RW Data    ZI Data      Debug   Library Member Name

        68          0          0          0          0       1792   arm_bitreversal2.o
      1652          0          0          0          0       7236   arm_cfft_f32.o
       180          0          0          0          0       1283   arm_cfft_init_f32.o
      1458          4          0          0          0       5452   arm_cfft_radix8_f32.o
       340          0          0          0          0       2270   arm_cmplx_mag_f32.o
         0          0     121820          0          0       6294   arm_common_tables.o
         0          0        144          0          0       4820   arm_const_structs.o
       188          0          0          0          0       1174   arm_max_f32.o
       188          0          0          0          0       1174   arm_min_f32.o
       430          0          0          0          0       3280   arm_rfft_fast_f32.o
       466          0          0          0          0       3844   arm_rfft_fast_init_f32.o
       144         12          0          0          0       1092   arm_sin_f32.o
        58          0          0          0          0        136   sqrtf.o
         0          0          0          0          0          0   entry.o
         0          0          0          0          0          0   entry10a.o
         0          0          0          0          0          0   entry11a.o
         8          4          0          0          0          0   entry2.o
         4          0          0          0          0          0   entry5.o
         0          0          0          0          0          0   entry7b.o
         0          0          0          0          0          0   entry8b.o
         8          4          0          0          0          0   entry9a.o
        12          6          0          4          0         68   errno.o
        30          0          0          0          0          0   handlers.o
        48         10          0          0          0         68   init.o
         0          0          0          0          0          0   iusefp.o
        30          0          0          0          0         68   llshl.o
        32          0          0          0          0         68   llushr.o
        36          0          0          0          0         68   memcpya.o
        36          0          0          0          0        108   memseta.o
       372         14          0          0          0        184   printf1.o
        12          6          0          0          0         68   putchar.o
         0          0          0          4          0          0   stdout.o
        44          0          0          0          0         80   uidiv.o
        98          0          0          0          0         92   uldiv.o

    ----------------------------------------------------------------------
      5944         60     121964          8          0      40719   Library Totals
         2          0          0          0          0          0   (incl. Padding)

    ----------------------------------------------------------------------

      Code (inc. data)   RO Data    RW Data    ZI Data      Debug   Library Name

      5114         16     121964          0          0      39711   arm_cortexM4lf_math.lib
        58          0          0          0          0        136   m_wm.l
       770         44          0          8          0        872   mc_w.l

    ----------------------------------------------------------------------
      5944         60     121964          8          0      40719   Library Totals

    ----------------------------------------------------------------------

==============================================================================


      Code (inc. data)   RO Data    RW Data    ZI Data      Debug   

     33940        486     122520         92      45580     329431   Grand Totals
     33940        486     122520         92      45580     329431   ELF Image Totals
     33940        486     122520         92          0          0   ROM Totals

==============================================================================

    Total RO  Size (Code + RO Data)               156460 ( 152.79kB)
    Total RW  Size (RW Data + ZI Data)             45672 (  44.60kB)
    Total ROM Size (Code + RO Data + RW Data)     156552 ( 152.88kB)

==============================================================================

